Exists, has members:
{
  "id": "ead68d1d-db6b-4cf0-b316-ac9064c66413",
  "longName": "Uniklinik Aachen",
  "shortName": "Aachen",
  "contactEmail": "testine.test@helpwave.de",
  "members": [
    {
      "userId": "51dce0ea-2e72-412a-988e-8e9089a68572"
    },
    {
      "userId": "8b5ff90a-7548-454e-9684-6f2c30677db5"
    }
  ]
}
Exists, has no members:
{
  "id": "792145d6-39ae-4596-95b3-b2fd907256e3",
  "longName": "Uniklinik Köln",
  "shortName": "Köln",
  "contactEmail": "martin.test@helpwave.de"
}
Does not exist:
ERROR:
  Code: InvalidArgument
  Message: id not found

