Exists, has members:
{
  "members": [
    {
      "userId": "51dce0ea-2e72-412a-988e-8e9089a68572",
      "email": "maike.test@helpwave.de",
      "nickname": "Maike",
      "avatarUrl": "https://source.boringavatars.com/marble/128/"
    },
    {
      "userId": "8b5ff90a-7548-454e-9684-6f2c30677db5",
      "email": "heinrich.heine@helpwave.de",
      "nickname": "Heine",
      "avatarUrl": "https://source.boringavatars.com/marble/128/"
    }
  ]
}
Does not exist:
{}
