{}
get members:
{
  "members": [
    {
      "userId": "9b045845-b5bf-456b-94a3-0b7bfd0bd0c5",
      "email": "annika.b@helpwave.de",
      "nickname": "Annika",
      "avatarUrl": "https://source.boringavatars.com/marble/128/"
    },
    {
      "userId": "44612c5a-4e61-4318-8f2b-b734eef305d2",
      "email": "member.tester@helpwave.de",
      "nickname": "mem",
      "avatarUrl": "https://source.boringavatars.com/marble/128/"
    }
  ]
}
remove member:
{}
get members:
{
  "members": [
    {
      "userId": "44612c5a-4e61-4318-8f2b-b734eef305d2",
      "email": "member.tester@helpwave.de",
      "nickname": "mem",
      "avatarUrl": "https://source.boringavatars.com/marble/128/"
    }
  ]
}
