exists with state:
{
  "invitations": [
    {
      "id": "0bdd571f-54d8-42f6-b449-624cfdead279",
      "email": "rejector@helpwave.de",
      "organizationId": "ead68d1d-db6b-4cf0-b316-ac9064c66413",
      "state": "INVITATION_STATE_PENDING"
    },
    {
      "id": "1bb75dca-0ec0-485e-85f4-b7a813c89a6b",
      "email": "revoker@helpwave.de",
      "organizationId": "ead68d1d-db6b-4cf0-b316-ac9064c66413",
      "state": "INVITATION_STATE_PENDING"
    },
    {
      "id": "c23a0d63-e4ce-46cd-ae5c-30990d02ebe4",
      "email": "revoker3@helpwave.de",
      "organizationId": "ead68d1d-db6b-4cf0-b316-ac9064c66413",
      "state": "INVITATION_STATE_PENDING"
    }
  ]
}
exists without state:
{
  "invitations": [
    {
      "id": "0bdd571f-54d8-42f6-b449-624cfdead279",
      "email": "rejector@helpwave.de",
      "organizationId": "ead68d1d-db6b-4cf0-b316-ac9064c66413",
      "state": "INVITATION_STATE_PENDING"
    },
    {
      "id": "3232a80e-181f-462f-ad0d-8db54881afa7",
      "email": "rejector2@helpwave.de",
      "organizationId": "ead68d1d-db6b-4cf0-b316-ac9064c66413",
      "state": "INVITATION_STATE_REVOKED"
    },
    {
      "id": "1bb75dca-0ec0-485e-85f4-b7a813c89a6b",
      "email": "revoker@helpwave.de",
      "organizationId": "ead68d1d-db6b-4cf0-b316-ac9064c66413",
      "state": "INVITATION_STATE_PENDING"
    },
    {
      "id": "6acc312b-62ce-4077-ab74-2f6794272b9c",
      "email": "revoker2@helpwave.de",
      "organizationId": "ead68d1d-db6b-4cf0-b316-ac9064c66413",
      "state": "INVITATION_STATE_REJECTED"
    },
    {
      "id": "c23a0d63-e4ce-46cd-ae5c-30990d02ebe4",
      "email": "revoker3@helpwave.de",
      "organizationId": "ead68d1d-db6b-4cf0-b316-ac9064c66413",
      "state": "INVITATION_STATE_PENDING"
    }
  ]
}
Does not exist:
{}
not a member:
ERROR:
  Code: Unauthenticated
  Message: Not a member of this Organization

