Patient Exists and assigned:
{
  "room": {
    "id": "c7e6c19e-df2e-4130-b8f3-97b551f911ed",
    "name": "Research and Development",
    "wardId": "51aca99b-2372-40b4-99ed-355dad6c014d"
  },
  "bed": {
    "id": "9f5d0d44-066e-4520-aec3-46a51090d15a",
    "name": "Red"
  }
}
Patient exists but not assigned to bed:
{}
Patient does not exist:
{}
