Exists, with Bed:
{
  "id": "b8fa077f-4bc2-4c54-82fa-57d6728db45c",
  "humanReadableIdentifier": "Marwin Othen",
  "notes": "Strain of flexor muscle, fascia and tendon of left ring finger at wrist and hand level, subsequent encounter",
  "bedId": "edef8f4f-fa11-471c-9340-c667ae6ecf09",
  "wardId": "0f13614c-9043-4af7-a439-cc569ba22639",
  "room": {
    "id": "b79dc72f-8359-4058-bd7a-e4b7019a5ec3",
    "name": "Sales",
    "wardId": "0f13614c-9043-4af7-a439-cc569ba22639"
  },
  "bed": {
    "id": "edef8f4f-fa11-471c-9340-c667ae6ecf09",
    "name": "Indigo"
  }
}
Exists, no Bed:
{
  "id": "2e830d2f-69c9-4e38-bd4b-ab43decc7ae3",
  "humanReadableIdentifier": "Cloris Dunbavin",
  "notes": "Transient synovitis, shoulder",
  "bedId": "",
  "wardId": ""
}
Does not exist:
ERROR:
  Code: InvalidArgument
  Message: not found
