Exists, with Bed:
{
  "patients": [
    {
      "id": "029df1d1-7d74-44e0-a093-e038123cce3c",
      "humanReadableIdentifier": "Davie Dislee",
      "notes": "Unspecified open wound of right cheek and temporomandibular area, initial encounter",
      "bedId": "371e0bb7-1d55-46bb-a972-4bea0df958da"
    },
    {
      "id": "f3c65081-1597-4b0b-bb7d-96256cf329fa",
      "humanReadableIdentifier": "Egbert Merriott",
      "notes": "Other pemphigus",
      "bedId": "01e91d0a-88ac-402b-932e-bae326a7c234"
    },
    {
      "id": "d5836f3c-6445-4442-b9da-82949af80428",
      "humanReadableIdentifier": "Olag Mooreed",
      "notes": "Osteitis condensans, shoulder",
      "bedId": "c9cb785f-4db3-42f8-935a-b5c88652231b"
    },
    {
      "id": "bad8fe7e-8f11-4c30-a97f-05f211882909",
      "humanReadableIdentifier": "Robinette Euston",
      "notes": "Laceration with foreign body of unspecified lesser toe(s) with damage to nail, initial encounter",
      "bedId": "99205989-53a4-4362-8280-c746d30ebc12"
    },
    {
      "id": "06f57c97-509e-4b41-9839-233f29197f56",
      "humanReadableIdentifier": "Clerc Levay",
      "notes": "Other extraarticular fracture of lower end of left radius, subsequent encounter for open fracture type I or II with nonunion",
      "bedId": "1d8fbe74-37be-4ec1-beb2-0518b51e1da8"
    },
    {
      "id": "8763d32d-73d1-4e53-b367-b970ee5f6c18",
      "humanReadableIdentifier": "Grazia Rehn",
      "notes": "Corrosion of third degree of unspecified site of lower limb, except ankle and foot",
      "bedId": "9f5d0d44-066e-4520-aec3-46a51090d15a"
    },
    {
      "id": "4a2e5163-57a7-4a50-9ed7-981c119848d7",
      "humanReadableIdentifier": "Desiree Ert",
      "notes": "Unspecified injury of inferior mesenteric artery, subsequent encounter",
      "bedId": "8612b526-9f2b-486f-9e6c-d1581ef5b6be"
    }
  ]
}
Exists, no Rooms:
{}
Exists, one Room has no Beds:
{
  "patients": [
    {
      "id": "c1c104f0-52c5-46d3-9441-33d0b0c03f87",
      "humanReadableIdentifier": "Iggie Lafflina",
      "notes": "Displaced segmental fracture of shaft of unspecified fibula, subsequent encounter for closed fracture with malunion",
      "bedId": "cb92bad3-68b2-49c1-bfac-494ff18b57f3"
    },
    {
      "id": "2a7f62d2-926c-4a0b-a963-2b4cdc89e1e7",
      "humanReadableIdentifier": "Prudy Shimoni",
      "notes": "Contusion of right little finger with damage to nail",
      "bedId": "31d2cb94-c6fd-4d98-acd4-128c31d51693"
    },
    {
      "id": "a5d17f16-b5f8-4ce3-995a-82b13eadc1ae",
      "humanReadableIdentifier": "Keely Fewkes",
      "notes": "Toxic effect of ethanol, intentional self-harm",
      "bedId": "03d95f53-06f1-4163-b9c2-4aa03d1bcc5e"
    },
    {
      "id": "b8fa077f-4bc2-4c54-82fa-57d6728db45c",
      "humanReadableIdentifier": "Marwin Othen",
      "notes": "Strain of flexor muscle, fascia and tendon of left ring finger at wrist and hand level, subsequent encounter",
      "bedId": "edef8f4f-fa11-471c-9340-c667ae6ecf09"
    },
    {
      "id": "707aa958-b3b5-485a-83ab-bbd030605bf5",
      "humanReadableIdentifier": "Cosetta Enrico",
      "notes": "Underdosing of unspecified antipsychotics and neuroleptics, subsequent encounter",
      "bedId": "9a2824d8-cd31-4c5f-82df-1c6bf1d443c6"
    }
  ]
}
Does not exist:
{}
