Exists, with patient:
{
  "id": "2a7f62d2-926c-4a0b-a963-2b4cdc89e1e7",
  "humanReadableIdentifier": "Prudy Shimoni",
  "notes": "Contusion of right little finger with damage to nail",
  "bedId": "31d2cb94-c6fd-4d98-acd4-128c31d51693"
}
Exists, no Patient:
ERROR:
  Code: InvalidArgument
  Message: id not found
