Exists, with Bed:
{
  "rooms": [
    {
      "id": "c7e6c19e-df2e-4130-b8f3-97b551f911ed",
      "name": "Research and Development",
      "beds": [
        {
          "id": "8612b526-9f2b-486f-9e6c-d1581ef5b6be",
          "name": "Fuscia",
          "patient": {
            "id": "4a2e5163-57a7-4a50-9ed7-981c119848d7",
            "name": "Desiree Ert"
          }
        },
        {
          "id": "018bd012-4aa1-468f-b57c-c0028507c332",
          "name": "Mauv"
        },
        {
          "id": "371e0bb7-1d55-46bb-a972-4bea0df958da",
          "name": "Orange",
          "patient": {
            "id": "029df1d1-7d74-44e0-a093-e038123cce3c",
            "name": "Davie Dislee"
          }
        },
        {
          "id": "9f5d0d44-066e-4520-aec3-46a51090d15a",
          "name": "Red",
          "patient": {
            "id": "8763d32d-73d1-4e53-b367-b970ee5f6c18",
            "name": "Grazia Rehn"
          }
        },
        {
          "id": "01e91d0a-88ac-402b-932e-bae326a7c234",
          "name": "Teal",
          "patient": {
            "id": "f3c65081-1597-4b0b-bb7d-96256cf329fa",
            "name": "Egbert Merriott"
          }
        },
        {
          "id": "c9cb785f-4db3-42f8-935a-b5c88652231b",
          "name": "Violet",
          "patient": {
            "id": "d5836f3c-6445-4442-b9da-82949af80428",
            "name": "Olag Mooreed"
          }
        },
        {
          "id": "99205989-53a4-4362-8280-c746d30ebc12",
          "name": "Yellow",
          "patient": {
            "id": "bad8fe7e-8f11-4c30-a97f-05f211882909",
            "name": "Robinette Euston"
          }
        }
      ]
    },
    {
      "id": "80d49a5a-573e-4a7a-a9b4-f8d2431f6f14",
      "name": "Legal",
      "beds": [
        {
          "id": "1d8fbe74-37be-4ec1-beb2-0518b51e1da8",
          "name": "Turquoise",
          "patient": {
            "id": "06f57c97-509e-4b41-9839-233f29197f56",
            "name": "Clerc Levay"
          }
        }
      ]
    }
  ]
}
Exists, no Rooms:
{}
Exists, one Room has no Beds:
{
  "rooms": [
    {
      "id": "b79dc72f-8359-4058-bd7a-e4b7019a5ec3",
      "name": "Sales",
      "beds": [
        {
          "id": "cb92bad3-68b2-49c1-bfac-494ff18b57f3",
          "name": "Aquamarine",
          "patient": {
            "id": "c1c104f0-52c5-46d3-9441-33d0b0c03f87",
            "name": "Iggie Lafflina"
          }
        },
        {
          "id": "03d95f53-06f1-4163-b9c2-4aa03d1bcc5e",
          "name": "Green",
          "patient": {
            "id": "a5d17f16-b5f8-4ce3-995a-82b13eadc1ae",
            "name": "Keely Fewkes"
          }
        },
        {
          "id": "edef8f4f-fa11-471c-9340-c667ae6ecf09",
          "name": "Indigo",
          "patient": {
            "id": "b8fa077f-4bc2-4c54-82fa-57d6728db45c",
            "name": "Marwin Othen"
          }
        },
        {
          "id": "31d2cb94-c6fd-4d98-acd4-128c31d51693",
          "name": "Khaki",
          "patient": {
            "id": "2a7f62d2-926c-4a0b-a963-2b4cdc89e1e7",
            "name": "Prudy Shimoni"
          }
        },
        {
          "id": "9a2824d8-cd31-4c5f-82df-1c6bf1d443c6",
          "name": "Pink",
          "patient": {
            "id": "707aa958-b3b5-485a-83ab-bbd030605bf5",
            "name": "Cosetta Enrico"
          }
        }
      ]
    },
    {
      "id": "2a3b9111-1f78-4d36-8318-1c69c1e5ad51",
      "name": "Whatever else"
    }
  ]
}
Does not exist:
{}
