Unassigned Patient, empty Bed:
{}
(Unassign again)
Unassigned Patient, Bed in use:
ERROR:
  Code: Internal
  Message: ERROR: duplicate key value violates unique constraint "patients_bed_id_unique" (SQLSTATE 23505)

Assigned Patient, empty Bed:
{}
Patient does not exist:
{}
Bed does not exist:
ERROR:
  Code: InvalidArgument
  Message: bed not found

