Assigned Patient, with tasks:
{
  "id": "06f57c97-509e-4b41-9839-233f29197f56",
  "name": "Clerc Levay",
  "humanReadableIdentifier": "Clerc Levay",
  "notes": "Other extraarticular fracture of lower end of left radius, subsequent encounter for open fracture type I or II with nonunion",
  "tasks": [
    {
      "id": "20863649-d855-4b0d-af4f-76199749c509",
      "name": "Supplement L Metatarsotars Jt with Autol Sub, Perc Approach",
      "status": "TASK_STATUS_DONE",
      "assignedUserId": "8aa8a5ee-2a35-4203-81bb-baf4ca17a9e9",
      "patientId": "06f57c97-509e-4b41-9839-233f29197f56"
    },
    {
      "id": "1eaf1f03-d5b9-4f3a-b27f-f892c63886ec",
      "name": "Revision of Drain Dev in Tracheobronc Tree, Extern Approach",
      "description": "Fluoroscopy of Right Upper Extremity Veins using High Osmolar Contrast",
      "status": "TASK_STATUS_DONE",
      "assignedUserId": "674217fc-05a6-4eec-ad7e-8a2d0dc8caa9",
      "patientId": "06f57c97-509e-4b41-9839-233f29197f56",
      "public": true
    },
    {
      "id": "3023b697-b5e7-48b6-9c80-f5151e124ae4",
      "name": "Drainage of R Trunk Bursa/Lig, Open Approach, Diagn",
      "status": "TASK_STATUS_IN_PROGRESS",
      "assignedUserId": "8aa8a5ee-2a35-4203-81bb-baf4ca17a9e9",
      "patientId": "06f57c97-509e-4b41-9839-233f29197f56",
      "public": true
    }
  ],
  "wardId": "51aca99b-2372-40b4-99ed-355dad6c014d",
  "room": {
    "id": "80d49a5a-573e-4a7a-a9b4-f8d2431f6f14",
    "name": "Legal",
    "wardId": "51aca99b-2372-40b4-99ed-355dad6c014d"
  },
  "bed": {
    "id": "1d8fbe74-37be-4ec1-beb2-0518b51e1da8",
    "name": "Turquoise"
  }
}
Assigned Patient, no tasks:
{
  "id": "c1c104f0-52c5-46d3-9441-33d0b0c03f87",
  "name": "Iggie Lafflina",
  "humanReadableIdentifier": "Iggie Lafflina",
  "notes": "Displaced segmental fracture of shaft of unspecified fibula, subsequent encounter for closed fracture with malunion",
  "wardId": "0f13614c-9043-4af7-a439-cc569ba22639",
  "room": {
    "id": "b79dc72f-8359-4058-bd7a-e4b7019a5ec3",
    "name": "Sales",
    "wardId": "0f13614c-9043-4af7-a439-cc569ba22639"
  },
  "bed": {
    "id": "cb92bad3-68b2-49c1-bfac-494ff18b57f3",
    "name": "Aquamarine"
  }
}
Unassigned Patient, with tasks:
{
  "id": "2e830d2f-69c9-4e38-bd4b-ab43decc7ae3",
  "name": "Cloris Dunbavin",
  "humanReadableIdentifier": "Cloris Dunbavin",
  "notes": "Transient synovitis, shoulder",
  "tasks": [
    {
      "id": "d0cd4f55-4b07-4216-acd2-8aef1ad01edc",
      "name": "Revision of Intralum Dev in Vagina \u0026 Cul-de-sac, Via Opening",
      "description": "Hepatobiliary System and Pancreas, Fragmentation",
      "status": "TASK_STATUS_IN_PROGRESS",
      "assignedUserId": "df363387-7774-4592-b01c-2b765abaa86a",
      "patientId": "2e830d2f-69c9-4e38-bd4b-ab43decc7ae3",
      "public": true
    },
    {
      "id": "f0566273-28e5-46f1-a85d-5ebd493a26de",
      "name": "Drainage of Buccal Mucosa, Percutaneous Approach, Diagnostic",
      "description": "Supplement Right Axilla with Synthetic Substitute, Percutaneous Endoscopic Approach",
      "status": "TASK_STATUS_IN_PROGRESS",
      "assignedUserId": "3e795d31-1912-4b09-8e5a-fd62a2461a8c",
      "patientId": "2e830d2f-69c9-4e38-bd4b-ab43decc7ae3",
      "public": true
    },
    {
      "id": "503b6598-a1f0-4a1f-b4b8-f37dea4ea9a9",
      "name": "Bypass Azygos Vein to Up Vein w Synth Sub, Perc Endo",
      "status": "TASK_STATUS_DONE",
      "assignedUserId": "3e795d31-1912-4b09-8e5a-fd62a2461a8c",
      "patientId": "2e830d2f-69c9-4e38-bd4b-ab43decc7ae3"
    }
  ],
  "wardId": ""
}
Discharged Patient:
ERROR:
  Code: InvalidArgument
  Message: patient not found

Patient does not exist:
ERROR:
  Code: InvalidArgument
  Message: patient not found

