{}
{
  "active": [
    {
      "id": "029df1d1-7d74-44e0-a093-e038123cce3c",
      "humanReadableIdentifier": "Davie Dislee",
      "room": {
        "id": "c7e6c19e-df2e-4130-b8f3-97b551f911ed",
        "name": "Research and Development",
        "wardId": "51aca99b-2372-40b4-99ed-355dad6c014d"
      },
      "bed": {
        "id": "371e0bb7-1d55-46bb-a972-4bea0df958da",
        "name": "Orange"
      },
      "notes": "Unspecified open wound of right cheek and temporomandibular area, initial encounter",
      "tasks": [
        {
          "id": "96e32e60-f1f4-4f49-a918-1f8da4a6fd21",
          "name": "Insertion of Infusion Device into Right Lung, Perc Approach",
          "description": "Revision of Synthetic Substitute in Lower Artery, External Approach",
          "status": "TASK_STATUS_TODO",
          "assignedUserId": "46697884-4792-49ff-b243-14a17eb5b871",
          "patientId": "029df1d1-7d74-44e0-a093-e038123cce3c",
          "subtasks": [
            {
              "id": "b7d943f6-dae1-48c9-b947-8523c214f297",
              "name": "Other operations on vessels"
            },
            {
              "id": "69a2f526-536a-436c-a475-4a7dd1fd12b8",
              "name": "Sequestrectomy, humerus",
              "done": true
            }
          ]
        }
      ]
    },
    {
      "id": "2a7f62d2-926c-4a0b-a963-2b4cdc89e1e7",
      "humanReadableIdentifier": "Prudy Shimoni",
      "room": {
        "id": "b79dc72f-8359-4058-bd7a-e4b7019a5ec3",
        "name": "Sales",
        "wardId": "0f13614c-9043-4af7-a439-cc569ba22639"
      },
      "bed": {
        "id": "31d2cb94-c6fd-4d98-acd4-128c31d51693",
        "name": "Khaki"
      },
      "notes": "Contusion of right little finger with damage to nail",
      "tasks": [
        {
          "id": "a66c5c73-9049-4e56-8ee0-d09b27cbbd23",
          "name": "Destruction of Perineum Tendon, Percutaneous Approach",
          "status": "TASK_STATUS_IN_PROGRESS",
          "assignedUserId": "5db6cc86-bbf1-4fa6-bbe8-a8cdea869758",
          "patientId": "2a7f62d2-926c-4a0b-a963-2b4cdc89e1e7",
          "public": true
        },
        {
          "id": "8da8256d-f63d-4cb3-9458-d8c6f20f2ddc",
          "name": "Replacement of Left Metacarpal with Autol Sub, Perc Approach",
          "description": "Occlusion of Left Thyroid Artery, Open Approach",
          "status": "TASK_STATUS_DONE",
          "assignedUserId": "df363387-7774-4592-b01c-2b765abaa86a",
          "patientId": "2a7f62d2-926c-4a0b-a963-2b4cdc89e1e7",
          "public": true,
          "subtasks": [
            {
              "id": "7a44fa95-994d-4382-b031-74647c15de5b",
              "name": "Other surgical occlusion of vessels, lower limb arteries",
              "done": true
            }
          ]
        }
      ]
    },
    {
      "id": "4a2e5163-57a7-4a50-9ed7-981c119848d7",
      "humanReadableIdentifier": "Desiree Ert",
      "room": {
        "id": "c7e6c19e-df2e-4130-b8f3-97b551f911ed",
        "name": "Research and Development",
        "wardId": "51aca99b-2372-40b4-99ed-355dad6c014d"
      },
      "bed": {
        "id": "8612b526-9f2b-486f-9e6c-d1581ef5b6be",
        "name": "Fuscia"
      },
      "notes": "Unspecified injury of inferior mesenteric artery, subsequent encounter",
      "tasks": [
        {
          "id": "ff04811d-e4f2-43a3-9d89-159b0541e436",
          "name": "Removal of Autol Sub from Brain, Perc Approach",
          "status": "TASK_STATUS_TODO",
          "assignedUserId": "00000000-0000-0000-0000-000000000000",
          "patientId": "4a2e5163-57a7-4a50-9ed7-981c119848d7"
        },
        {
          "id": "fbaaac31-0826-4289-b759-96a4f0d72401",
          "name": "Extraction of Post Neck Subcu/Fascia, Perc Approach",
          "description": "Removal of Autologous Tissue Substitute from Right Finger Phalangeal Joint, Percutaneous Approach",
          "status": "TASK_STATUS_TODO",
          "assignedUserId": "531244c4-0500-4701-91ef-a03645ba92b2",
          "patientId": "4a2e5163-57a7-4a50-9ed7-981c119848d7",
          "subtasks": [
            {
              "id": "5e89560d-149f-4de7-802b-df1d34d2cc97",
              "name": "Other turbinectomy",
              "done": true
            }
          ]
        },
        {
          "id": "b2ed8f2b-1fc9-4bbe-8705-acf84850c6aa",
          "name": "Drainage of Sigmoid Colon with Drain Dev, Perc Endo Approach",
          "description": "Supplement Right Common Iliac Vein with Nonautologous Tissue Substitute, Percutaneous Endoscopic Approach",
          "status": "TASK_STATUS_TODO",
          "assignedUserId": "22b47b87-aadf-4e81-802d-9e23489e696c",
          "patientId": "4a2e5163-57a7-4a50-9ed7-981c119848d7",
          "subtasks": [
            {
              "id": "9ea8ff25-6118-4424-99a2-a63a17008f5b",
              "name": "Suture of laceration of anus"
            },
            {
              "id": "1e785484-e2a6-4ed5-9212-ee56a9d2c39d",
              "name": "Laparoscopic oophorotomy",
              "done": true
            }
          ]
        },
        {
          "id": "25c84b6d-b499-4b2a-9b8f-05ab144e353c",
          "name": "Insertion of Ext Fix into L Patella, Perc Endo Approach",
          "description": "Supplement Tibial Nerve with Autologous Tissue Substitute, Open Approach",
          "status": "TASK_STATUS_TODO",
          "assignedUserId": "3e795d31-1912-4b09-8e5a-fd62a2461a8c",
          "patientId": "4a2e5163-57a7-4a50-9ed7-981c119848d7",
          "public": true,
          "subtasks": [
            {
              "id": "ca63fae8-83f8-4be1-90d9-e7bce123c50a",
              "name": "Other craniotomy"
            },
            {
              "id": "40722ff3-ce7d-47fd-a321-fe3360c6da70",
              "name": "Removal of (cement) spacer"
            }
          ]
        }
      ]
    },
    {
      "id": "707aa958-b3b5-485a-83ab-bbd030605bf5",
      "humanReadableIdentifier": "Cosetta Enrico",
      "room": {
        "id": "b79dc72f-8359-4058-bd7a-e4b7019a5ec3",
        "name": "Sales",
        "wardId": "0f13614c-9043-4af7-a439-cc569ba22639"
      },
      "bed": {
        "id": "9a2824d8-cd31-4c5f-82df-1c6bf1d443c6",
        "name": "Pink"
      },
      "notes": "Underdosing of unspecified antipsychotics and neuroleptics, subsequent encounter",
      "tasks": [
        {
          "id": "249a1021-73ae-4996-a701-9a19603cec21",
          "name": "Transplantation of Bilateral Lungs, Syngeneic, Open Approach",
          "status": "TASK_STATUS_TODO",
          "assignedUserId": "531244c4-0500-4701-91ef-a03645ba92b2",
          "patientId": "707aa958-b3b5-485a-83ab-bbd030605bf5",
          "public": true
        },
        {
          "id": "87a6446e-fcea-4c09-aa4f-bf3d529cebde",
          "name": "Dilate Sup Mesent Art, Bifurc, w 3 Drug-elut, Open",
          "status": "TASK_STATUS_TODO",
          "assignedUserId": "3e795d31-1912-4b09-8e5a-fd62a2461a8c",
          "patientId": "707aa958-b3b5-485a-83ab-bbd030605bf5",
          "public": true
        }
      ]
    },
    {
      "id": "8763d32d-73d1-4e53-b367-b970ee5f6c18",
      "humanReadableIdentifier": "Grazia Rehn",
      "room": {
        "id": "c7e6c19e-df2e-4130-b8f3-97b551f911ed",
        "name": "Research and Development",
        "wardId": "51aca99b-2372-40b4-99ed-355dad6c014d"
      },
      "bed": {
        "id": "9f5d0d44-066e-4520-aec3-46a51090d15a",
        "name": "Red"
      },
      "notes": "Corrosion of third degree of unspecified site of lower limb, except ankle and foot",
      "tasks": [
        {
          "id": "ceffe1b1-84f6-42c7-b058-dc2897509f49",
          "name": "Introduce of Radioact Subst into Fem Reprod, Perc Approach",
          "status": "TASK_STATUS_IN_PROGRESS",
          "assignedUserId": "3a82ae88-c43a-4ada-8659-9c5f372cb48d",
          "patientId": "8763d32d-73d1-4e53-b367-b970ee5f6c18",
          "subtasks": [
            {
              "id": "2ca50d51-0d75-4ee4-9d91-f9fe4561402b",
              "name": "Revision or closure of vesicostomy"
            }
          ]
        },
        {
          "id": "0a4b4616-ba16-432a-ba50-55b1b58c8a88",
          "name": "Revision of Autol Sub in L Thumb Phalanx, Extern Approach",
          "description": "Introduction of Oxazolidinones into Lymphatics, Percutaneous Approach",
          "status": "TASK_STATUS_TODO",
          "assignedUserId": "df363387-7774-4592-b01c-2b765abaa86a",
          "patientId": "8763d32d-73d1-4e53-b367-b970ee5f6c18",
          "public": true
        },
        {
          "id": "b025f9bb-7852-45c2-82a6-bfee3adcbddd",
          "name": "Removal of Drain Dev from Vagina & Cul-de-sac, Perc Approach",
          "description": "Supplement Left Nipple with Autologous Tissue Substitute, Via Natural or Artificial Opening Endoscopic",
          "status": "TASK_STATUS_DONE",
          "assignedUserId": "00000000-0000-0000-0000-000000000000",
          "patientId": "8763d32d-73d1-4e53-b367-b970ee5f6c18",
          "public": true,
          "subtasks": [
            {
              "id": "5116c01d-5f0d-46e9-bcd7-0d2127661dc7",
              "name": "Insertion of intercostal catheter for drainage",
              "done": true
            },
            {
              "id": "cc60cc5f-028c-46be-80b9-6c4f7ea4ec65",
              "name": "Mediastinal pneumogram"
            }
          ]
        },
        {
          "id": "a2f04cb2-4587-48ad-89ee-a01256a80d7c",
          "name": "Reposition Left Hand Tendon, Open Approach",
          "description": "Dilation of Left Radial Artery with Four or More Drug-eluting Intraluminal Devices, Percutaneous Approach",
          "status": "TASK_STATUS_DONE",
          "assignedUserId": "5db6cc86-bbf1-4fa6-bbe8-a8cdea869758",
          "patientId": "8763d32d-73d1-4e53-b367-b970ee5f6c18"
        }
      ]
    },
    {
      "id": "a5d17f16-b5f8-4ce3-995a-82b13eadc1ae",
      "humanReadableIdentifier": "Keely Fewkes",
      "room": {
        "id": "b79dc72f-8359-4058-bd7a-e4b7019a5ec3",
        "name": "Sales",
        "wardId": "0f13614c-9043-4af7-a439-cc569ba22639"
      },
      "bed": {
        "id": "03d95f53-06f1-4163-b9c2-4aa03d1bcc5e",
        "name": "Green"
      },
      "notes": "Toxic effect of ethanol, intentional self-harm",
      "tasks": [
        {
          "id": "3fae6b47-ff14-4a1a-9554-3c35e0214920",
          "name": "Drainage of Right Trunk Tendon, Percutaneous Approach",
          "description": "Drainage of Right Sternoclavicular Joint, Percutaneous Endoscopic Approach, Diagnostic",
          "status": "TASK_STATUS_IN_PROGRESS",
          "assignedUserId": "22b47b87-aadf-4e81-802d-9e23489e696c",
          "patientId": "a5d17f16-b5f8-4ce3-995a-82b13eadc1ae",
          "public": true,
          "subtasks": [
            {
              "id": "86e58960-654e-4e66-ac47-a94746db264d",
              "name": "(Aorto)coronary bypass of two coronary arteries"
            }
          ]
        },
        {
          "id": "851f2a7e-73ed-4990-bccf-7f6c2e89d9ab",
          "name": "Release Left Elbow Joint, External Approach",
          "description": "Bypass Right Kidney Pelvis to Right Kidney Pelvis, Open Approach",
          "status": "TASK_STATUS_DONE",
          "assignedUserId": "674217fc-05a6-4eec-ad7e-8a2d0dc8caa9",
          "patientId": "a5d17f16-b5f8-4ce3-995a-82b13eadc1ae",
          "public": true,
          "subtasks": [
            {
              "id": "5ababaea-39cf-4649-af40-5609f6c48e5d",
              "name": "Insertion of fixed bridge"
            }
          ]
        },
        {
          "id": "8bd926b4-3476-4eed-9fa7-db8ab7b65671",
          "name": "Restriction of Urethra, Percutaneous Endoscopic Approach",
          "description": "Extirpation of Matter from Right Axillary Lymphatic, Percutaneous Approach",
          "status": "TASK_STATUS_DONE",
          "assignedUserId": "5db6cc86-bbf1-4fa6-bbe8-a8cdea869758",
          "patientId": "a5d17f16-b5f8-4ce3-995a-82b13eadc1ae",
          "public": true,
          "subtasks": [
            {
              "id": "26d63474-581f-4219-9780-20e95a496f35",
              "name": "Cardiopulmonary resuscitation, not otherwise specified"
            },
            {
              "id": "51d29b71-15e1-4616-a053-030c0db2a054",
              "name": "Other repair of retinal detachment"
            },
            {
              "id": "e017f087-776f-4e86-8e17-4b6bf224068f",
              "name": "Noninvasive programmed electrical stimulation [NIPS]"
            }
          ]
        },
        {
          "id": "749b262f-953a-4605-b57b-81a9cad64aae",
          "name": "Excision of Bilateral Breast, Percutaneous Approach",
          "status": "TASK_STATUS_DONE",
          "assignedUserId": "22b47b87-aadf-4e81-802d-9e23489e696c",
          "patientId": "a5d17f16-b5f8-4ce3-995a-82b13eadc1ae",
          "public": true,
          "subtasks": [
            {
              "id": "6be5dd5a-d860-49f1-88a6-6cadd788bc4a",
              "name": "Other incision of skin and subcutaneous tissue"
            }
          ]
        }
      ]
    },
    {
      "id": "b8fa077f-4bc2-4c54-82fa-57d6728db45c",
      "humanReadableIdentifier": "Marwin Othen",
      "room": {
        "id": "c7e6c19e-df2e-4130-b8f3-97b551f911ed",
        "name": "Research and Development",
        "wardId": "51aca99b-2372-40b4-99ed-355dad6c014d"
      },
      "bed": {
        "id": "018bd012-4aa1-468f-b57c-c0028507c332",
        "name": "Mauv"
      },
      "notes": "Strain of flexor muscle, fascia and tendon of left ring finger at wrist and hand level, subsequent encounter"
    },
    {
      "id": "bad8fe7e-8f11-4c30-a97f-05f211882909",
      "humanReadableIdentifier": "Robinette Euston",
      "room": {
        "id": "c7e6c19e-df2e-4130-b8f3-97b551f911ed",
        "name": "Research and Development",
        "wardId": "51aca99b-2372-40b4-99ed-355dad6c014d"
      },
      "bed": {
        "id": "99205989-53a4-4362-8280-c746d30ebc12",
        "name": "Yellow"
      },
      "notes": "Laceration with foreign body of unspecified lesser toe(s) with damage to nail, initial encounter",
      "tasks": [
        {
          "id": "e8d26f7d-a4e3-49f9-a493-cf2dacf214cd",
          "name": "Removal of Int Fix from L Humeral Head, Extern Approach",
          "description": "Bypass Superior Mesenteric Vein to Lower Vein with Synthetic Substitute, Percutaneous Endoscopic Approach",
          "status": "TASK_STATUS_TODO",
          "assignedUserId": "674217fc-05a6-4eec-ad7e-8a2d0dc8caa9",
          "patientId": "bad8fe7e-8f11-4c30-a97f-05f211882909"
        }
      ]
    },
    {
      "id": "c1c104f0-52c5-46d3-9441-33d0b0c03f87",
      "humanReadableIdentifier": "Iggie Lafflina",
      "room": {
        "id": "b79dc72f-8359-4058-bd7a-e4b7019a5ec3",
        "name": "Sales",
        "wardId": "0f13614c-9043-4af7-a439-cc569ba22639"
      },
      "bed": {
        "id": "cb92bad3-68b2-49c1-bfac-494ff18b57f3",
        "name": "Aquamarine"
      },
      "notes": "Displaced segmental fracture of shaft of unspecified fibula, subsequent encounter for closed fracture with malunion"
    },
    {
      "id": "d5836f3c-6445-4442-b9da-82949af80428",
      "humanReadableIdentifier": "Olag Mooreed",
      "room": {
        "id": "c7e6c19e-df2e-4130-b8f3-97b551f911ed",
        "name": "Research and Development",
        "wardId": "51aca99b-2372-40b4-99ed-355dad6c014d"
      },
      "bed": {
        "id": "c9cb785f-4db3-42f8-935a-b5c88652231b",
        "name": "Violet"
      },
      "notes": "Osteitis condensans, shoulder",
      "tasks": [
        {
          "id": "bf625616-367c-466b-b147-75add17debfe",
          "name": "Release Left Metacarpal, Percutaneous Approach",
          "description": "Release Head and Neck Tendon, External Approach",
          "status": "TASK_STATUS_DONE",
          "assignedUserId": "46697884-4792-49ff-b243-14a17eb5b871",
          "patientId": "d5836f3c-6445-4442-b9da-82949af80428"
        }
      ]
    },
    {
      "id": "f3c65081-1597-4b0b-bb7d-96256cf329fa",
      "humanReadableIdentifier": "Egbert Merriott",
      "room": {
        "id": "c7e6c19e-df2e-4130-b8f3-97b551f911ed",
        "name": "Research and Development",
        "wardId": "51aca99b-2372-40b4-99ed-355dad6c014d"
      },
      "bed": {
        "id": "01e91d0a-88ac-402b-932e-bae326a7c234",
        "name": "Teal"
      },
      "notes": "Other pemphigus",
      "tasks": [
        {
          "id": "cfdf8e12-7038-4580-9255-8fd51009f421",
          "name": "Dilation of R Int Mamm Art, Bifurc, Open Approach",
          "status": "TASK_STATUS_IN_PROGRESS",
          "assignedUserId": "531244c4-0500-4701-91ef-a03645ba92b2",
          "patientId": "f3c65081-1597-4b0b-bb7d-96256cf329fa",
          "public": true
        },
        {
          "id": "02d6632d-1a67-4182-992e-6384e00ac2d7",
          "name": "Dilation of Abdominal Aorta with 2 Drug-elut, Perc Approach",
          "description": "Extirpation of Matter from Coccygeal Joint, Percutaneous Endoscopic Approach",
          "status": "TASK_STATUS_DONE",
          "assignedUserId": "8aa8a5ee-2a35-4203-81bb-baf4ca17a9e9",
          "patientId": "f3c65081-1597-4b0b-bb7d-96256cf329fa",
          "public": true,
          "subtasks": [
            {
              "id": "b66ca2da-ec1c-47a5-95f1-6ad7643fb1a7",
              "name": "Symphysiotomy for horseshoe kidney",
              "done": true
            }
          ]
        }
      ]
    }
  ],
  "unassignedPatients": [
    {
      "id": "040da2fd-4705-41b5-9422-93e37d46b1c7",
      "humanReadableIdentifier": "Kalila Burtwistle",
      "notes": "Disorder of ligament, left hip"
    },
    {
      "id": "04da6ed3-1082-4149-8b29-abbcde3cd6b5",
      "humanReadableIdentifier": "Lorain Marchiso",
      "notes": "Infection and inflammatory reaction due to implanted electronic neurostimulator of brain, electrode (lead), subsequent encounter",
      "tasks": [
        {
          "id": "3b9e7844-6eee-4f7f-ba4d-2e0d977793c8",
          "name": "Drainage of Cystic Duct, Perc Endo Approach, Diagn",
          "status": "TASK_STATUS_TODO",
          "assignedUserId": "531244c4-0500-4701-91ef-a03645ba92b2",
          "patientId": "04da6ed3-1082-4149-8b29-abbcde3cd6b5",
          "subtasks": [
            {
              "id": "f2681cab-88c2-4fa8-b28a-399cacf8c9c5",
              "name": "Noninvasive programmed electrical stimulation [NIPS]",
              "done": true
            },
            {
              "id": "89d3e368-6b4e-4d11-b9cd-74e1c4411072",
              "name": "Microscopic examination of specimen from other site, culture"
            },
            {
              "id": "7b2e28c8-0b55-4299-b4b1-90a828734805",
              "name": "Partial gastrectomy with anastomosis to esophagus"
            }
          ]
        }
      ]
    },
    {
      "id": "2e830d2f-69c9-4e38-bd4b-ab43decc7ae3",
      "humanReadableIdentifier": "Cloris Dunbavin",
      "notes": "Transient synovitis, shoulder",
      "tasks": [
        {
          "id": "d0cd4f55-4b07-4216-acd2-8aef1ad01edc",
          "name": "Revision of Intralum Dev in Vagina & Cul-de-sac, Via Opening",
          "description": "Hepatobiliary System and Pancreas, Fragmentation",
          "status": "TASK_STATUS_IN_PROGRESS",
          "assignedUserId": "df363387-7774-4592-b01c-2b765abaa86a",
          "patientId": "2e830d2f-69c9-4e38-bd4b-ab43decc7ae3",
          "public": true,
          "subtasks": [
            {
              "id": "5ab50302-d939-4588-bce6-7bffc125e11c",
              "name": "Other lysis of perirenal or periureteral adhesions"
            }
          ]
        },
        {
          "id": "f0566273-28e5-46f1-a85d-5ebd493a26de",
          "name": "Drainage of Buccal Mucosa, Percutaneous Approach, Diagnostic",
          "description": "Supplement Right Axilla with Synthetic Substitute, Percutaneous Endoscopic Approach",
          "status": "TASK_STATUS_IN_PROGRESS",
          "assignedUserId": "3e795d31-1912-4b09-8e5a-fd62a2461a8c",
          "patientId": "2e830d2f-69c9-4e38-bd4b-ab43decc7ae3",
          "public": true
        },
        {
          "id": "503b6598-a1f0-4a1f-b4b8-f37dea4ea9a9",
          "name": "Bypass Azygos Vein to Up Vein w Synth Sub, Perc Endo",
          "status": "TASK_STATUS_DONE",
          "assignedUserId": "3e795d31-1912-4b09-8e5a-fd62a2461a8c",
          "patientId": "2e830d2f-69c9-4e38-bd4b-ab43decc7ae3",
          "subtasks": [
            {
              "id": "652a641a-e5aa-4d96-97bf-3f0ded7bf5ce",
              "name": "Annuloplasty",
              "done": true
            }
          ]
        }
      ]
    },
    {
      "id": "541807d6-788b-47a6-95be-9842dd58a5ce",
      "humanReadableIdentifier": "Ignacio Cullity",
      "notes": "Non-pressure chronic ulcer of left calf",
      "tasks": [
        {
          "id": "2f6f90e5-23d9-4c93-bad5-ef844bbdda27",
          "name": "Supplement L Finger Phalanx Jt w Nonaut Sub, Open",
          "description": "Reposition Right Temporal Artery, Percutaneous Endoscopic Approach",
          "status": "TASK_STATUS_DONE",
          "assignedUserId": "5db6cc86-bbf1-4fa6-bbe8-a8cdea869758",
          "patientId": "541807d6-788b-47a6-95be-9842dd58a5ce",
          "public": true,
          "subtasks": [
            {
              "id": "145c8aeb-4105-41bc-a5fe-bf2748ddc6c9",
              "name": "Open biopsy of lung",
              "done": true
            }
          ]
        },
        {
          "id": "e168a3c7-b611-470b-829c-6190072c1ba7",
          "name": "Transfuse of Autol Factor IX into Periph Art, Open Approach",
          "description": "Reposition Cervical Vertebral Joint, External Approach",
          "status": "TASK_STATUS_DONE",
          "assignedUserId": "3a82ae88-c43a-4ada-8659-9c5f372cb48d",
          "patientId": "541807d6-788b-47a6-95be-9842dd58a5ce",
          "public": true
        }
      ]
    },
    {
      "id": "5f00d59a-72b1-4eb6-9817-5a3aec7476ef",
      "humanReadableIdentifier": "Corrine Billyeald",
      "notes": "Sprain of the superior tibiofibular joint and ligament, unspecified knee, subsequent encounter"
    },
    {
      "id": "d3323f5c-62a1-4abf-8088-72162fe52c0c",
      "humanReadableIdentifier": "Arron Truce",
      "notes": "Encounter for fitting and adjustment of unspecified right artificial leg",
      "tasks": [
        {
          "id": "69a90a3b-21d5-4094-bd83-6a929e37f194",
          "name": "Excision of Right Lower Leg Muscle, Open Approach, Diagn",
          "description": "Repair Left Upper Arm Subcutaneous Tissue and Fascia, Open Approach",
          "status": "TASK_STATUS_TODO",
          "assignedUserId": "22b47b87-aadf-4e81-802d-9e23489e696c",
          "patientId": "d3323f5c-62a1-4abf-8088-72162fe52c0c",
          "public": true,
          "subtasks": [
            {
              "id": "e483bacb-30a6-41f1-8d9a-19515392d533",
              "name": "Open and other cecectomy",
              "done": true
            },
            {
              "id": "23358f5a-f030-4f52-b412-4ec86ccada88",
              "name": "Incision of periurethral tissue"
            },
            {
              "id": "0c527cd4-61de-4146-a35f-95ab8bd6fd69",
              "name": "Other facilitation of intraocular circulation"
            }
          ]
        }
      ]
    },
    {
      "id": "e20f0d11-7c82-4565-b7a8-6ba2811ebcd0",
      "humanReadableIdentifier": "Bradney Flagg",
      "notes": "Unspecified injury of lung, bilateral, subsequent encounter",
      "tasks": [
        {
          "id": "8f440795-ede8-4295-8603-f1c257687754",
          "name": "Dilate L Foot Art, Bifurc, w 3 Drug-elut, Open",
          "description": "Revision of Autologous Tissue Substitute in Right Carpal, External Approach",
          "status": "TASK_STATUS_IN_PROGRESS",
          "assignedUserId": "3a82ae88-c43a-4ada-8659-9c5f372cb48d",
          "patientId": "e20f0d11-7c82-4565-b7a8-6ba2811ebcd0",
          "public": true,
          "subtasks": [
            {
              "id": "6d3c2be8-3311-414e-816d-48048885f350",
              "name": "Augmentation rhinoplasty",
              "done": true
            }
          ]
        },
        {
          "id": "40aa8544-9776-4700-b035-76865df3a0cc",
          "name": "Revision of Drainage Device in L Knee Jt, Perc Approach",
          "description": "Release Phrenic Nerve, Open Approach",
          "status": "TASK_STATUS_IN_PROGRESS",
          "assignedUserId": "73c0d265-3c9a-410a-8eaf-0174fc57f421",
          "patientId": "e20f0d11-7c82-4565-b7a8-6ba2811ebcd0",
          "subtasks": [
            {
              "id": "e9f82fc9-678c-4fe7-9240-4f6a05c3aac9",
              "name": "Alcohol rehabilitation"
            }
          ]
        },
        {
          "id": "0978b60c-8ddd-450a-9e98-e066be941856",
          "name": "Alteration of Right Upper Arm with Autol Sub, Open Approach",
          "description": "Reposition Upper Vein, Percutaneous Endoscopic Approach",
          "status": "TASK_STATUS_TODO",
          "assignedUserId": "3a82ae88-c43a-4ada-8659-9c5f372cb48d",
          "patientId": "e20f0d11-7c82-4565-b7a8-6ba2811ebcd0"
        }
      ]
    }
  ],
  "dischargedPatients": [
    {
      "id": "0ac1b278-3110-42e8-90ce-542821c75afc",
      "humanReadableIdentifier": "Adey Edson",
      "notes": "Nondisplaced fracture of neck of unspecified metacarpal bone, subsequent encounter for fracture with delayed healing"
    },
    {
      "id": "1da13722-d37e-41bb-b6db-c47422e7ef60",
      "humanReadableIdentifier": "Sisile Oxlade",
      "notes": "Mammary duct ectasia of left breast",
      "tasks": [
        {
          "id": "2e240fa3-00f6-4d49-89dd-33d8f21bab46",
          "name": "Destruction of Right Nipple, Via Opening",
          "description": "Dilation of Hepatic Artery, Bifurcation, with Four or More Drug-eluting Intraluminal Devices, Open Approach",
          "status": "TASK_STATUS_DONE",
          "assignedUserId": "22b47b87-aadf-4e81-802d-9e23489e696c",
          "patientId": "1da13722-d37e-41bb-b6db-c47422e7ef60",
          "public": true
        }
      ]
    },
    {
      "id": "1dd8f65c-6bdc-40f5-9a1a-b6dbd52f3fd4",
      "humanReadableIdentifier": "Hallsy Yoell",
      "notes": "Other subluxation of right knee, subsequent encounter",
      "tasks": [
        {
          "id": "7a7f68ef-e28b-4ef6-9efa-b45ed3ded42e",
          "name": "Repair Right Ankle Bursa and Ligament, Perc Endo Approach",
          "description": "Excision of Right Main Bronchus, Open Approach, Diagnostic",
          "status": "TASK_STATUS_IN_PROGRESS",
          "assignedUserId": "73c0d265-3c9a-410a-8eaf-0174fc57f421",
          "patientId": "1dd8f65c-6bdc-40f5-9a1a-b6dbd52f3fd4",
          "public": true
        },
        {
          "id": "fa75c34d-acfd-452d-ab0b-2b0b89a59f0c",
          "name": "Repair Left Frontal Bone, Percutaneous Approach",
          "status": "TASK_STATUS_DONE",
          "assignedUserId": "674217fc-05a6-4eec-ad7e-8a2d0dc8caa9",
          "patientId": "1dd8f65c-6bdc-40f5-9a1a-b6dbd52f3fd4"
        },
        {
          "id": "c555b6ca-d453-48dd-8ca1-93473c7732ce",
          "name": "Bypass L Ext Iliac Art to B Ext Ilia w Synth Sub, Perc Endo",
          "description": "Removal of Autologous Tissue Substitute from Right Upper Extremity, Open Approach",
          "status": "TASK_STATUS_DONE",
          "assignedUserId": "df363387-7774-4592-b01c-2b765abaa86a",
          "patientId": "1dd8f65c-6bdc-40f5-9a1a-b6dbd52f3fd4",
          "subtasks": [
            {
              "id": "c526ce0b-e31b-465d-8ef0-f806e63eeb3c",
              "name": "Phlebography of femoral and other lower extremity veins using contrast material",
              "done": true
            }
          ]
        },
        {
          "id": "c3c94c70-2ceb-4c39-b979-93d22840d076",
          "name": "Reattachment of Left 2nd Toe, Open Approach",
          "description": "Bypass Middle Esophagus to Cutaneous, Open Approach",
          "status": "TASK_STATUS_IN_PROGRESS",
          "assignedUserId": "00000000-0000-0000-0000-000000000000",
          "patientId": "1dd8f65c-6bdc-40f5-9a1a-b6dbd52f3fd4",
          "subtasks": [
            {
              "id": "cad76844-0eac-4800-bc63-942002bd954d",
              "name": "Microscopic examination of specimen from lymph node and of lymph, culture and sensitivity",
              "done": true
            }
          ]
        }
      ]
    },
    {
      "id": "1e68267e-0149-47d8-9052-cb5df340044b",
      "humanReadableIdentifier": "Patric Trudgion",
      "notes": "Driver of pick-up truck or van injured in collision with other motor vehicles in traffic accident",
      "tasks": [
        {
          "id": "71f0ba07-ef77-4106-a08c-543d99553674",
          "name": "Introduce Adhesion Barrier in Periton Cav, Open",
          "status": "TASK_STATUS_DONE",
          "assignedUserId": "5db6cc86-bbf1-4fa6-bbe8-a8cdea869758",
          "patientId": "1e68267e-0149-47d8-9052-cb5df340044b",
          "public": true
        },
        {
          "id": "affa2bce-2f7b-406f-9be5-be8d9881830b",
          "name": "Release Larynx, Via Natural or Artificial Opening",
          "description": "Supplement Left Palatine Bone with Nonautologous Tissue Substitute, Open Approach",
          "status": "TASK_STATUS_IN_PROGRESS",
          "assignedUserId": "5db6cc86-bbf1-4fa6-bbe8-a8cdea869758",
          "patientId": "1e68267e-0149-47d8-9052-cb5df340044b",
          "public": true,
          "subtasks": [
            {
              "id": "785e2be8-c21f-4158-9825-af37f71e3eb4",
              "name": "Insertion of palatal implant"
            },
            {
              "id": "cc9a703b-c3a3-4ff6-8cfc-ba957ac7cdb8",
              "name": "Intrathoracic esophageal anastomosis with other interposition"
            }
          ]
        }
      ]
    },
    {
      "id": "23edc7ee-5a0e-41ac-91b3-db21455b6e6b",
      "humanReadableIdentifier": "Janot Mabon",
      "notes": "Other specified injury of long flexor muscle, fascia and tendon of left thumb at wrist and hand level, initial encounter",
      "tasks": [
        {
          "id": "2788364b-6bdf-4b8d-aa01-041b1b80533e",
          "name": "Detachment at Right Upper Leg, High, Open Approach",
          "description": "Insertion of Spacer into Right Temporomandibular Joint, Percutaneous Approach",
          "status": "TASK_STATUS_TODO",
          "assignedUserId": "531244c4-0500-4701-91ef-a03645ba92b2",
          "patientId": "23edc7ee-5a0e-41ac-91b3-db21455b6e6b",
          "subtasks": [
            {
              "id": "62b512ed-11c9-4c0e-99ff-5531418fb675",
              "name": "Local excision of esophageal diverticulum"
            }
          ]
        },
        {
          "id": "58905ce6-56fe-40e8-a2d4-1d701e082b72",
          "name": "Replacement of Sternum with Synth Sub, Perc Approach",
          "description": "Computerized Tomography (CT Scan) of Trachea/Airways using High Osmolar Contrast, Unenhanced and Enhanced",
          "status": "TASK_STATUS_DONE",
          "assignedUserId": "3a82ae88-c43a-4ada-8659-9c5f372cb48d",
          "patientId": "23edc7ee-5a0e-41ac-91b3-db21455b6e6b",
          "public": true,
          "subtasks": [
            {
              "id": "fa1b6fd1-1bcb-4a89-940d-e3dd67f5762d",
              "name": "Closure of nasal fistula"
            },
            {
              "id": "d0de2487-8b79-4737-a175-e97eace2eb61",
              "name": "Removal of implanted devices from bone, femur",
              "done": true
            }
          ]
        },
        {
          "id": "6b7e7b0c-596f-499b-ae7b-e9f90dc60f4d",
          "name": "Insertion of Radioactive Element into R Wrist, Open Approach",
          "description": "Magnetic Resonance Imaging (MRI) of Neck using Other Contrast",
          "status": "TASK_STATUS_TODO",
          "assignedUserId": "531244c4-0500-4701-91ef-a03645ba92b2",
          "patientId": "23edc7ee-5a0e-41ac-91b3-db21455b6e6b",
          "public": true,
          "subtasks": [
            {
              "id": "c98735e7-988d-4151-9c8a-1abfcacf1eae",
              "name": "Other lysis of peritoneal adhesions"
            },
            {
              "id": "55914475-c913-453f-92d1-2a11cad57ae2",
              "name": "Arthrodesis of shoulder"
            },
            {
              "id": "35a15a66-bad5-48af-829e-8df02f56c996",
              "name": "Other excision or destruction of lesion or tissue of pancreas or pancreatic duct"
            }
          ]
        },
        {
          "id": "c6668cd6-6a8e-4c46-988d-8c771aeefa24",
          "name": "Excision of Left Upper Leg, Open Approach, Diagnostic",
          "description": "Resection of Vagina, Open Approach",
          "status": "TASK_STATUS_DONE",
          "assignedUserId": "73c0d265-3c9a-410a-8eaf-0174fc57f421",
          "patientId": "23edc7ee-5a0e-41ac-91b3-db21455b6e6b"
        },
        {
          "id": "4e2724b8-38db-40cf-8511-b57b28f80866",
          "name": "Irrigation of Periton Cav using Dialysate, Perc Approach",
          "description": "Stereotactic Other Photon Radiosurgery of Mouth",
          "status": "TASK_STATUS_DONE",
          "assignedUserId": "5db6cc86-bbf1-4fa6-bbe8-a8cdea869758",
          "patientId": "23edc7ee-5a0e-41ac-91b3-db21455b6e6b"
        }
      ]
    },
    {
      "id": "2d977c7a-c0a8-4d06-b474-1824d440d8b4",
      "humanReadableIdentifier": "Dorothea Gurr",
      "notes": "Other osteoporosis with current pathological fracture, left ankle and foot",
      "tasks": [
        {
          "id": "227c506a-c73b-4efc-bb88-6e119d87bf6b",
          "name": "Excision of Right Middle Lobe Bronchus, Via Opening",
          "description": "Drainage of Right Brachial Artery with Drainage Device, Open Approach",
          "status": "TASK_STATUS_IN_PROGRESS",
          "assignedUserId": "531244c4-0500-4701-91ef-a03645ba92b2",
          "patientId": "2d977c7a-c0a8-4d06-b474-1824d440d8b4",
          "subtasks": [
            {
              "id": "692d6de8-7fd7-4679-9fde-a7ae0b0a6a7b",
              "name": "Reattachment of amputated ear",
              "done": true
            }
          ]
        },
        {
          "id": "811484b9-7776-4656-9e07-4e5691449977",
          "name": "Bypass Thor Aorta Desc to Subclav w Synth Sub, Open",
          "description": "Stereotactic Other Photon Radiosurgery of Parathyroid Glands",
          "status": "TASK_STATUS_IN_PROGRESS",
          "assignedUserId": "46697884-4792-49ff-b243-14a17eb5b871",
          "patientId": "2d977c7a-c0a8-4d06-b474-1824d440d8b4"
        },
        {
          "id": "93665228-249f-4668-8ca6-2bb3b9936d96",
          "name": "Occlusion of Colic Vein with Intralum Dev, Open Approach",
          "description": "Insertion of Infusion Device into Right Lung, Percutaneous Approach",
          "status": "TASK_STATUS_TODO",
          "assignedUserId": "8aa8a5ee-2a35-4203-81bb-baf4ca17a9e9",
          "patientId": "2d977c7a-c0a8-4d06-b474-1824d440d8b4",
          "public": true
        }
      ]
    },
    {
      "id": "397784be-eb27-4189-ab46-9d0a5c21944c",
      "humanReadableIdentifier": "Dode Stobo",
      "notes": "Direct infection of wrist in infectious and parasitic diseases classified elsewhere"
    },
    {
      "id": "48cd2509-3b50-4d2f-9228-41f1b7947bea",
      "humanReadableIdentifier": "Jewel Lovelady",
      "notes": "Poisoning by vitamins, assault, initial encounter",
      "tasks": [
        {
          "id": "fe6a3b93-f803-418b-8cc0-c90fc423e8ad",
          "name": "Revision of Drain Dev in L Metacarpophal Jt, Extern Approach",
          "description": "Supplement Right Lower Arm and Wrist Tendon with Nonautologous Tissue Substitute, Percutaneous Endoscopic Approach",
          "status": "TASK_STATUS_TODO",
          "assignedUserId": "5db6cc86-bbf1-4fa6-bbe8-a8cdea869758",
          "patientId": "48cd2509-3b50-4d2f-9228-41f1b7947bea",
          "subtasks": [
            {
              "id": "dfd4627e-86e3-458f-bb4b-d6afddbc373e",
              "name": "Excision or destruction of lesion of cul-de-sac"
            }
          ]
        }
      ]
    },
    {
      "id": "4b7c4003-1130-483e-bb61-a5cf6eadcb38",
      "humanReadableIdentifier": "Bronny Jojic",
      "notes": "Toxic effect of other organic solvents, assault, sequela"
    },
    {
      "id": "523a7890-eebe-4c5d-8d28-747038803a30",
      "humanReadableIdentifier": "Henderson Rivelin",
      "notes": "Displaced segmental fracture of shaft of right femur, subsequent encounter for open fracture type IIIA, IIIB, or IIIC with nonunion",
      "tasks": [
        {
          "id": "d038e40a-96f1-49c4-8506-f16b59bb96eb",
          "name": "CT Scan of Chest & Abd using L Osm Contrast",
          "description": "Dilation of Splenic Artery, Bifurcation, with Three Drug-eluting Intraluminal Devices, Open Approach",
          "status": "TASK_STATUS_IN_PROGRESS",
          "assignedUserId": "00000000-0000-0000-0000-000000000000",
          "patientId": "523a7890-eebe-4c5d-8d28-747038803a30",
          "public": true
        }
      ]
    },
    {
      "id": "52d68bc2-045a-423c-b03f-df58f3335de3",
      "humanReadableIdentifier": "Andeee Skippings",
      "notes": "Person on outside of three-wheeled motor vehicle injured in collision with railway train or railway vehicle in traffic accident, sequela",
      "tasks": [
        {
          "id": "444b801b-502f-4a56-a007-8f7d5f2a9e7e",
          "name": "Repair Thoracic Vertebral Disc, Perc Endo Approach",
          "description": "Bypass Left Femoral Artery to Lower Extremity Artery with Autologous Arterial Tissue, Open Approach",
          "status": "TASK_STATUS_IN_PROGRESS",
          "assignedUserId": "df363387-7774-4592-b01c-2b765abaa86a",
          "patientId": "52d68bc2-045a-423c-b03f-df58f3335de3",
          "subtasks": [
            {
              "id": "139be2ea-9305-4961-80ff-8eed63301f08",
              "name": "Other incision of bone without division, patella"
            }
          ]
        },
        {
          "id": "77e97632-88d4-463d-9be9-6869cdf7ace2",
          "name": "Removal of Int Fix from R Tarsal Jt, Perc Endo Approach",
          "description": "Revision of Feeding Device in Upper Intestinal Tract, Percutaneous Approach",
          "status": "TASK_STATUS_TODO",
          "assignedUserId": "df363387-7774-4592-b01c-2b765abaa86a",
          "patientId": "52d68bc2-045a-423c-b03f-df58f3335de3",
          "public": true,
          "subtasks": [
            {
              "id": "9932448d-248a-4bcd-9e09-99a4cbc15170",
              "name": "Other x-ray of cervical spine",
              "done": true
            }
          ]
        },
        {
          "id": "18fecf80-27d9-41a4-9183-1e44aa605d2f",
          "name": "Replacement of Tongue with Nonaut Sub, Extern Approach",
          "description": "Drainage of Spinal Canal, Percutaneous Endoscopic Approach",
          "status": "TASK_STATUS_IN_PROGRESS",
          "assignedUserId": "3e795d31-1912-4b09-8e5a-fd62a2461a8c",
          "patientId": "52d68bc2-045a-423c-b03f-df58f3335de3",
          "public": true,
          "subtasks": [
            {
              "id": "4644be3d-9efd-4266-8966-37617c4c004e",
              "name": "Laser interstitial thermal therapy [LITT] of lesion or tissue of head and neck under guidance",
              "done": true
            }
          ]
        }
      ]
    },
    {
      "id": "53518dde-4fea-487c-946d-9aeedab4fd01",
      "humanReadableIdentifier": "Zorana Gery",
      "notes": "Contact with metalworking machines",
      "tasks": [
        {
          "id": "283e2353-dbb5-4f9d-97e8-364a23d1ab2e",
          "name": "Excision of Right Tarsal Joint, Percutaneous Approach",
          "status": "TASK_STATUS_IN_PROGRESS",
          "assignedUserId": "8aa8a5ee-2a35-4203-81bb-baf4ca17a9e9",
          "patientId": "53518dde-4fea-487c-946d-9aeedab4fd01",
          "subtasks": [
            {
              "id": "69a82ad6-8063-44de-a115-5a43cb0d5a92",
              "name": "Other operations on lacrimal system"
            },
            {
              "id": "6b5c985d-ef05-4c88-b552-bd6819216092",
              "name": "Removal of embedded foreign body from conjunctiva by incision",
              "done": true
            },
            {
              "id": "12139a15-5158-4610-97a2-340dc9457236",
              "name": "Removal of other urinary drainage device"
            },
            {
              "id": "be7cc5b7-afdc-40f7-a029-0772fa188c1a",
              "name": "Anterior resection of rectum with synchronous colostomy",
              "done": true
            }
          ]
        },
        {
          "id": "91798151-71c8-49d8-ac7e-0b1eb3854736",
          "name": "Resection of Left Superior Parathyroid Gland, Open Approach",
          "description": "Reposition Left Lower Leg Tendon, Open Approach",
          "status": "TASK_STATUS_DONE",
          "assignedUserId": "3e795d31-1912-4b09-8e5a-fd62a2461a8c",
          "patientId": "53518dde-4fea-487c-946d-9aeedab4fd01",
          "public": true
        }
      ]
    },
    {
      "id": "65708dab-983d-450a-8786-57b1336a2e9f",
      "humanReadableIdentifier": "Shawna Vondruska",
      "notes": "Unspecified injury of brachial artery, right side, subsequent encounter",
      "tasks": [
        {
          "id": "bc5d1f18-5145-42b4-ba18-dc7242626fae",
          "name": "Inspection of Right Wrist Joint, Open Approach",
          "description": "Resection of Right Wrist Bursa and Ligament, Open Approach",
          "status": "TASK_STATUS_DONE",
          "assignedUserId": "531244c4-0500-4701-91ef-a03645ba92b2",
          "patientId": "65708dab-983d-450a-8786-57b1336a2e9f",
          "subtasks": [
            {
              "id": "f1d465c5-6f75-4b35-8719-05dd1dabca07",
              "name": "Arteriography of femoral and other lower extremity arteries",
              "done": true
            },
            {
              "id": "2783544c-cac8-4b35-bea2-84666aa9c270",
              "name": "Other evisceration of eyeball",
              "done": true
            }
          ]
        },
        {
          "id": "db3dddb7-019e-48fd-a245-4d3d7cec05a9",
          "name": "Revision of Intraluminal Device in Nose, Open Approach",
          "status": "TASK_STATUS_DONE",
          "assignedUserId": "674217fc-05a6-4eec-ad7e-8a2d0dc8caa9",
          "patientId": "65708dab-983d-450a-8786-57b1336a2e9f",
          "public": true,
          "subtasks": [
            {
              "id": "3c48c51e-977f-451c-9bd4-2e786cd883d2",
              "name": "Other x-ray of thoracic spine"
            }
          ]
        },
        {
          "id": "17de489a-9ae4-4298-8e2a-64ba31e5a250",
          "name": "Bypass R Innom Vein to Up Vein w Autol Vn, Perc Endo",
          "description": "Destruction of Right Glenoid Cavity, Open Approach",
          "status": "TASK_STATUS_IN_PROGRESS",
          "assignedUserId": "3a82ae88-c43a-4ada-8659-9c5f372cb48d",
          "patientId": "65708dab-983d-450a-8786-57b1336a2e9f",
          "public": true,
          "subtasks": [
            {
              "id": "d7d5f5ac-3313-4403-b391-e9bf0aac2445",
              "name": "Myotomy of other parts of colon"
            },
            {
              "id": "9f3cc912-b48d-48f2-a54f-18174ab2be23",
              "name": "Excision of bone for graft, unspecified site",
              "done": true
            }
          ]
        },
        {
          "id": "b9c97686-edbb-46da-9f09-7d9c97186020",
          "name": "Reattachment of Right Thorax Tendon, Open Approach",
          "description": "Replacement of Nasal Turbinate with Autologous Tissue Substitute, Percutaneous Approach",
          "status": "TASK_STATUS_DONE",
          "assignedUserId": "531244c4-0500-4701-91ef-a03645ba92b2",
          "patientId": "65708dab-983d-450a-8786-57b1336a2e9f",
          "public": true,
          "subtasks": [
            {
              "id": "74ba4f57-b222-439c-82ac-5a64467ac264",
              "name": "Pericardiocentesis"
            },
            {
              "id": "50e79048-acaf-46b4-adb2-6f1b2754f2cb",
              "name": "Other and open bilateral repair of inguinal hernia, one direct and one indirect, with graft or prosthesis"
            }
          ]
        },
        {
          "id": "4454d62d-fd22-40f8-b4ab-2f1de65ed881",
          "name": "Drainage of Right Lower Extremity, Percutaneous Approach",
          "description": "Reposition Right Occipital Bone, Percutaneous Endoscopic Approach",
          "status": "TASK_STATUS_DONE",
          "assignedUserId": "22b47b87-aadf-4e81-802d-9e23489e696c",
          "patientId": "65708dab-983d-450a-8786-57b1336a2e9f",
          "subtasks": [
            {
              "id": "bb59ac22-ca79-4dd3-a9c2-d9fa0505390b",
              "name": "Other arthrotomy, ankle"
            },
            {
              "id": "adf84aad-50c0-4036-9034-2ee3e34797ae",
              "name": "Removal of both fallopian tubes at same operative episode"
            }
          ]
        }
      ]
    },
    {
      "id": "69e67845-2b4a-4eec-bde6-fa51d47f7ae6",
      "humanReadableIdentifier": "Steffi Simionato",
      "notes": "Unspecified injury of other specified muscles, fascia and tendons at thigh level, unspecified thigh, initial encounter",
      "tasks": [
        {
          "id": "2c11934d-aec0-4b8e-ac05-e34bed9fac8e",
          "name": "Supplement Left Lacrimal Duct with Autol Sub, Open Approach",
          "description": "Release Left Upper Leg Tendon, Open Approach",
          "status": "TASK_STATUS_IN_PROGRESS",
          "assignedUserId": "46697884-4792-49ff-b243-14a17eb5b871",
          "patientId": "69e67845-2b4a-4eec-bde6-fa51d47f7ae6",
          "public": true
        }
      ]
    },
    {
      "id": "7aa796e6-5253-445b-a3fc-41f76531cab7",
      "humanReadableIdentifier": "Dalia Barnewell",
      "notes": "Poisoning by anticholinesterase agents, undetermined, sequela",
      "tasks": [
        {
          "id": "3f02573c-4de3-4ee7-8d07-c45a3a15f910",
          "name": "Plain Radiography of Facial Bones",
          "description": "Drainage of Right Clavicle with Drainage Device, Percutaneous Endoscopic Approach",
          "status": "TASK_STATUS_DONE",
          "assignedUserId": "674217fc-05a6-4eec-ad7e-8a2d0dc8caa9",
          "patientId": "7aa796e6-5253-445b-a3fc-41f76531cab7"
        }
      ]
    },
    {
      "id": "7f29f9d7-f44c-4f0d-8883-8ce8f5967642",
      "humanReadableIdentifier": "Neely Denyukin",
      "notes": "Person boarding or alighting a pick-up truck or van injured in collision with pedestrian or animal",
      "tasks": [
        {
          "id": "ed4939f8-dd9f-427d-8c46-7f0409037668",
          "name": "Fusion of R Finger Phalanx Jt with Autol Sub, Open Approach",
          "description": "Replacement of Left Femoral Shaft with Autologous Tissue Substitute, Percutaneous Approach",
          "status": "TASK_STATUS_IN_PROGRESS",
          "assignedUserId": "674217fc-05a6-4eec-ad7e-8a2d0dc8caa9",
          "patientId": "7f29f9d7-f44c-4f0d-8883-8ce8f5967642",
          "public": true
        },
        {
          "id": "a6da2f20-f631-4fdc-a50e-5cef264f2f15",
          "name": "Revision of Infusion Device in Great Vessel, Open Approach",
          "status": "TASK_STATUS_DONE",
          "assignedUserId": "00000000-0000-0000-0000-000000000000",
          "patientId": "7f29f9d7-f44c-4f0d-8883-8ce8f5967642"
        },
        {
          "id": "c9aeccc3-d307-4973-be73-b9001465065a",
          "name": "Alteration of R Up Arm with Nonaut Sub, Perc Endo Approach",
          "description": "Supplement Left Maxilla with Synthetic Substitute, Percutaneous Approach",
          "status": "TASK_STATUS_DONE",
          "assignedUserId": "73c0d265-3c9a-410a-8eaf-0174fc57f421",
          "patientId": "7f29f9d7-f44c-4f0d-8883-8ce8f5967642",
          "public": true,
          "subtasks": [
            {
              "id": "38a84504-33f5-4620-bc74-5660bf931a42",
              "name": "Thoracoscopic pleural biopsy"
            },
            {
              "id": "75b8daf9-4898-4ed0-95ea-98bdd20508f7",
              "name": "Other reconstruction of eyelid with flaps or grafts",
              "done": true
            },
            {
              "id": "1b015ed2-5225-4fcc-99c7-358d04e3688c",
              "name": "Incision of middle ear"
            }
          ]
        }
      ]
    },
    {
      "id": "8fef78e5-3040-4664-a071-5f2cf4387fbe",
      "humanReadableIdentifier": "Nikola Cobleigh",
      "notes": "Unspecified superficial injury of unspecified thumb, subsequent encounter"
    },
    {
      "id": "9051e39b-da5f-40b1-98bb-2491943553af",
      "humanReadableIdentifier": "Averell Apted",
      "notes": "Abrasion of left elbow, subsequent encounter",
      "tasks": [
        {
          "id": "e06db9a6-655b-420e-b322-92a3ff7fc6dd",
          "name": "Fluoroscopy of L Ext Carotid using H Osm Contrast",
          "description": "Inspection of Right Shoulder Joint, Percutaneous Endoscopic Approach",
          "status": "TASK_STATUS_DONE",
          "assignedUserId": "674217fc-05a6-4eec-ad7e-8a2d0dc8caa9",
          "patientId": "9051e39b-da5f-40b1-98bb-2491943553af",
          "public": true,
          "subtasks": [
            {
              "id": "9f026e31-d139-49ec-8f39-e55bd407629b",
              "name": "Resection of vessel with anastomosis, abdominal veins",
              "done": true
            },
            {
              "id": "596653a8-7737-44f4-9f7e-04db176e73dc",
              "name": "Other laparoscopic local excision or destruction of ovary",
              "done": true
            },
            {
              "id": "a3aa5e1f-60d4-4353-ad93-563becf6cb6b",
              "name": "Electrolysis and other epilation of skin"
            }
          ]
        }
      ]
    },
    {
      "id": "92d8a98f-40bb-4460-ad63-9938c253670e",
      "humanReadableIdentifier": "Mary Feldbaum",
      "notes": "Air embolism following infusion, transfusion and therapeutic injection, initial encounter"
    },
    {
      "id": "9a2431b1-de9f-401d-b7bf-a5691e8a5ebc",
      "humanReadableIdentifier": "Jena Floyde",
      "notes": "Pauciarticular juvenile rheumatoid arthritis, left hip",
      "tasks": [
        {
          "id": "7fcc7ad0-3860-4892-90c6-fbfc5f879c9b",
          "name": "Radiation Therapy, Breast, Stereotactic Radiosurgery",
          "description": "Removal of External Fixation Device from Left Carpal, Percutaneous Approach",
          "status": "TASK_STATUS_IN_PROGRESS",
          "assignedUserId": "df363387-7774-4592-b01c-2b765abaa86a",
          "patientId": "9a2431b1-de9f-401d-b7bf-a5691e8a5ebc",
          "subtasks": [
            {
              "id": "1b9dbe8c-19b4-48ce-8005-aa6d5c1be3f1",
              "name": "Colonoscopy"
            }
          ]
        },
        {
          "id": "aa16ec68-0291-47ed-a5d0-9f0cc21e05a0",
          "name": "Dilate Mid Colic Art, Bifurc, w 4 Drug-elut, Perc",
          "status": "TASK_STATUS_TODO",
          "assignedUserId": "5db6cc86-bbf1-4fa6-bbe8-a8cdea869758",
          "patientId": "9a2431b1-de9f-401d-b7bf-a5691e8a5ebc",
          "public": true,
          "subtasks": [
            {
              "id": "0b62df0e-b5fe-4d58-9ec0-021f691f8441",
              "name": "Excision of lesion of lacrimal gland"
            }
          ]
        }
      ]
    },
    {
      "id": "9d868246-ffb8-43bd-95f8-2fc4fea196df",
      "humanReadableIdentifier": "Clarey Laxston",
      "notes": "Other specified disorders of bone density and structure, unspecified site",
      "tasks": [
        {
          "id": "f6756a20-3a20-4584-96a3-bee7f38c0f51",
          "name": "Reposition Left Humeral Shaft, External Approach",
          "description": "Drainage of Splenic Vein, Percutaneous Endoscopic Approach, Diagnostic",
          "status": "TASK_STATUS_IN_PROGRESS",
          "assignedUserId": "00000000-0000-0000-0000-000000000000",
          "patientId": "9d868246-ffb8-43bd-95f8-2fc4fea196df",
          "public": true,
          "subtasks": [
            {
              "id": "63f6661b-10ff-4f9c-a4c4-17d858f06ec3",
              "name": "Artificial pacemaker artifact wave form check"
            },
            {
              "id": "df6f4d32-bfdb-44b6-8f04-2bb4ae26c857",
              "name": "Bilateral simple mastectomy"
            },
            {
              "id": "6043195c-1bd3-4986-8902-c43dc65ae45e",
              "name": "Radial keratotomy"
            }
          ]
        },
        {
          "id": "d40144c7-07b9-4d27-9433-de3d0a4ffb66",
          "name": "Drainage of Right Upper Arm Muscle, Open Approach, Diagn",
          "status": "TASK_STATUS_TODO",
          "assignedUserId": "73c0d265-3c9a-410a-8eaf-0174fc57f421",
          "patientId": "9d868246-ffb8-43bd-95f8-2fc4fea196df"
        },
        {
          "id": "9817abb0-3916-448a-abe0-501da2c61920",
          "name": "Revision of Int Fix in L Metatarsotars Jt, Perc Approach",
          "description": "Inspection of Cervicothoracic Vertebral Joint, Percutaneous Approach",
          "status": "TASK_STATUS_IN_PROGRESS",
          "assignedUserId": "df363387-7774-4592-b01c-2b765abaa86a",
          "patientId": "9d868246-ffb8-43bd-95f8-2fc4fea196df",
          "subtasks": [
            {
              "id": "a35083a0-d8e3-42f7-9fc3-7d1717a50848",
              "name": "Insertion of totally implantable infusion pump",
              "done": true
            },
            {
              "id": "c7ca0b15-e772-449b-8940-86cd365bd955",
              "name": "Root canal therapy with irrigation",
              "done": true
            }
          ]
        }
      ]
    },
    {
      "id": "9ee5b1f9-b726-4dea-872a-141135bb9079",
      "humanReadableIdentifier": "Louise Feldklein",
      "notes": "Poisoning by monoamine-oxidase-inhibitor antidepressants, accidental (unintentional)",
      "tasks": [
        {
          "id": "4bb4b915-cde5-48db-9768-c51dee8ec021",
          "name": "Revise of Infusion Dev in Thoracic Duct, Perc Endo Approach",
          "description": "Beam Radiation of Uterus using Photons 1 - 10 MeV",
          "status": "TASK_STATUS_DONE",
          "assignedUserId": "73c0d265-3c9a-410a-8eaf-0174fc57f421",
          "patientId": "9ee5b1f9-b726-4dea-872a-141135bb9079",
          "public": true
        },
        {
          "id": "c90c8104-de70-470d-af65-8b2422fbfd62",
          "name": "Excision of Cervix, Percutaneous Approach, Diagnostic",
          "description": "Dilation of Upper Esophagus, Open Approach",
          "status": "TASK_STATUS_DONE",
          "assignedUserId": "df363387-7774-4592-b01c-2b765abaa86a",
          "patientId": "9ee5b1f9-b726-4dea-872a-141135bb9079",
          "subtasks": [
            {
              "id": "3d4c1172-19a2-4499-b77a-7da3d873902c",
              "name": "Open reduction of fracture with internal fixation, tibia and fibula"
            }
          ]
        },
        {
          "id": "6894d106-637e-461b-a279-baf5cf97ed65",
          "name": "Fluoroscopy of R Int Carotid using H Osm Contrast",
          "description": "Revision of Autologous Tissue Substitute in Right Metacarpophalangeal Joint, Open Approach",
          "status": "TASK_STATUS_IN_PROGRESS",
          "assignedUserId": "674217fc-05a6-4eec-ad7e-8a2d0dc8caa9",
          "patientId": "9ee5b1f9-b726-4dea-872a-141135bb9079"
        }
      ]
    },
    {
      "id": "a28c6344-620d-4a53-9025-e4c275fa768a",
      "humanReadableIdentifier": "Manny Emanuelov",
      "notes": "Abrasion of right little finger, subsequent encounter",
      "tasks": [
        {
          "id": "de756805-43ab-4f2d-83dd-d761b91914e7",
          "name": "Supplement L Low Leg Tendon with Synth Sub, Open Approach",
          "description": "Inspection of Endocrine Gland, Percutaneous Endoscopic Approach",
          "status": "TASK_STATUS_IN_PROGRESS",
          "assignedUserId": "df363387-7774-4592-b01c-2b765abaa86a",
          "patientId": "a28c6344-620d-4a53-9025-e4c275fa768a",
          "public": true
        },
        {
          "id": "9395112c-4903-409d-b7ab-c70bd87b5288",
          "name": "Drainage of Right Large Intestine, Open Approach",
          "description": "Release Left Tunica Vaginalis, Percutaneous Endoscopic Approach",
          "status": "TASK_STATUS_IN_PROGRESS",
          "assignedUserId": "3e795d31-1912-4b09-8e5a-fd62a2461a8c",
          "patientId": "a28c6344-620d-4a53-9025-e4c275fa768a",
          "public": true,
          "subtasks": [
            {
              "id": "7e55ff67-2aed-4808-b9f3-405db3978083",
              "name": "Dispensing of other low vision aids",
              "done": true
            },
            {
              "id": "d53378ee-a009-4f35-b5d1-d0616142635c",
              "name": "Other total reconstruction of breast"
            }
          ]
        }
      ]
    },
    {
      "id": "af155e2e-0715-453b-8731-ef79af3a4966",
      "humanReadableIdentifier": "Garrik Stannislawski",
      "notes": "Salter-Harris Type II physeal fracture of upper end of right tibia, subsequent encounter for fracture with routine healing",
      "tasks": [
        {
          "id": "57a6451c-782b-4439-88b1-73117c158377",
          "name": "Bypass L Subclav Art to Bi Up Arm Art w Nonaut Sub, Open",
          "description": "Dilation of Left Femoral Artery, Bifurcation, with Four or More Intraluminal Devices, Open Approach",
          "status": "TASK_STATUS_TODO",
          "assignedUserId": "674217fc-05a6-4eec-ad7e-8a2d0dc8caa9",
          "patientId": "af155e2e-0715-453b-8731-ef79af3a4966",
          "public": true,
          "subtasks": [
            {
              "id": "0646f6ed-4c92-4ae9-9108-ef17df596175",
              "name": "Transposition of extraocular muscles"
            },
            {
              "id": "ca1dd337-f42c-45c1-8f81-86dfd9036010",
              "name": "Computer assisted surgery with CT/CTA"
            },
            {
              "id": "c5a309f9-09ff-4f62-b5af-b260dbca4066",
              "name": "Refusion of other cervical spine, anterior column, anterior technique"
            }
          ]
        }
      ]
    },
    {
      "id": "b1f373b9-30f4-4e77-a202-bb392b4080d3",
      "humanReadableIdentifier": "Corissa Bruins",
      "notes": "Military operations involving destruction of aircraft due to collision with other aircraft, civilian, sequela",
      "tasks": [
        {
          "id": "dd1d2393-cd96-46ed-ab4b-2325d0332bed",
          "name": "Drainage of Accessory Nerve, Open Approach, Diagnostic",
          "description": "Bypass Bilateral Ureters to Cutaneous, Percutaneous Endoscopic Approach",
          "status": "TASK_STATUS_DONE",
          "assignedUserId": "73c0d265-3c9a-410a-8eaf-0174fc57f421",
          "patientId": "b1f373b9-30f4-4e77-a202-bb392b4080d3",
          "public": true,
          "subtasks": [
            {
              "id": "df0dbcbf-e264-4e28-904a-47f57f99a640",
              "name": "Closed [endoscopic] biopsy of larynx",
              "done": true
            }
          ]
        },
        {
          "id": "e1dd4cbf-1bd3-44ea-b967-998056e0e6fd",
          "name": "Heart and Great Vessels, Inspection",
          "description": "Drainage of Perineum Muscle with Drainage Device, Percutaneous Approach",
          "status": "TASK_STATUS_DONE",
          "assignedUserId": "00000000-0000-0000-0000-000000000000",
          "patientId": "b1f373b9-30f4-4e77-a202-bb392b4080d3",
          "public": true
        },
        {
          "id": "39203936-ae8d-43f1-b5ad-a306461e865d",
          "name": "Repair Buccal Mucosa, External Approach",
          "description": "Revision of Infusion Device in Prostate and Seminal Vesicles, External Approach",
          "status": "TASK_STATUS_IN_PROGRESS",
          "assignedUserId": "531244c4-0500-4701-91ef-a03645ba92b2",
          "patientId": "b1f373b9-30f4-4e77-a202-bb392b4080d3"
        }
      ]
    },
    {
      "id": "bf3ee02f-adba-4320-8fa6-dd9456585232",
      "humanReadableIdentifier": "Troy Whatling",
      "notes": "Unspecified focal traumatic brain injury with loss of consciousness of 31 minutes to 59 minutes, initial encounter",
      "tasks": [
        {
          "id": "2b32ad4a-100b-4cca-a4aa-90b53d12ccc2",
          "name": "Revision of Nonaut Sub in R Low Extrem, Perc Endo Approach",
          "description": "Resection of Jejunum, Open Approach",
          "status": "TASK_STATUS_IN_PROGRESS",
          "assignedUserId": "531244c4-0500-4701-91ef-a03645ba92b2",
          "patientId": "bf3ee02f-adba-4320-8fa6-dd9456585232",
          "subtasks": [
            {
              "id": "3f70d251-eea0-4859-955b-0a7e6d06447f",
              "name": "(Aorto)coronary bypass of two coronary arteries"
            }
          ]
        },
        {
          "id": "54d4360a-7027-4336-b153-e2eb6c797436",
          "name": "Drainage of L Elbow Bursa/Lig, Perc Endo Approach",
          "description": "Resection of Tongue, Palate, Pharynx Muscle, Percutaneous Endoscopic Approach",
          "status": "TASK_STATUS_DONE",
          "assignedUserId": "3a82ae88-c43a-4ada-8659-9c5f372cb48d",
          "patientId": "bf3ee02f-adba-4320-8fa6-dd9456585232",
          "subtasks": [
            {
              "id": "ce222ad9-a4c4-4e9f-aab7-298203d33f21",
              "name": "Synovectomy, shoulder",
              "done": true
            },
            {
              "id": "fb045d97-cc9d-4251-9f66-54e2b1e6aadd",
              "name": "Total ostectomy, tibia and fibula",
              "done": true
            }
          ]
        },
        {
          "id": "53922d3d-0252-4fdc-a281-a9a41c0727da",
          "name": "Insertion of Ext Fix into R Patella, Open Approach",
          "description": "Occlusion of Right Common Iliac Artery, Percutaneous Endoscopic Approach",
          "status": "TASK_STATUS_DONE",
          "assignedUserId": "73c0d265-3c9a-410a-8eaf-0174fc57f421",
          "patientId": "bf3ee02f-adba-4320-8fa6-dd9456585232",
          "subtasks": [
            {
              "id": "213ce579-647d-4114-b986-c4235508909f",
              "name": "Other partial ostectomy, carpals and metacarpals"
            }
          ]
        },
        {
          "id": "7d4d16b2-f0d6-474d-9312-180e8734fc26",
          "name": "Replacement of Low Tooth, All, with Synth Sub, Open Approach",
          "description": "Release Tongue, Palate, Pharynx Muscle, Open Approach",
          "status": "TASK_STATUS_IN_PROGRESS",
          "assignedUserId": "8aa8a5ee-2a35-4203-81bb-baf4ca17a9e9",
          "patientId": "bf3ee02f-adba-4320-8fa6-dd9456585232",
          "public": true
        },
        {
          "id": "17d5ea47-1f76-4283-86d8-0818625e7486",
          "name": "Removal of Monitor Dev from Hepatobil Duct, Perc Approach",
          "description": "Removal of Spacer from Right Sternoclavicular Joint, Open Approach",
          "status": "TASK_STATUS_TODO",
          "assignedUserId": "00000000-0000-0000-0000-000000000000",
          "patientId": "bf3ee02f-adba-4320-8fa6-dd9456585232",
          "public": true,
          "subtasks": [
            {
              "id": "57ea19c7-92b4-425f-b4f0-3b04385e613d",
              "name": "Removal of foreign body, not otherwise specified",
              "done": true
            }
          ]
        }
      ]
    },
    {
      "id": "c05e189c-06c8-479e-b3b9-306f2b66c07d",
      "humanReadableIdentifier": "Margit Bottby",
      "notes": "Traumatic rupture of other ligament of right ring finger at metacarpophalangeal and interphalangeal joint, initial encounter",
      "tasks": [
        {
          "id": "0d4c8a6b-74c6-4dd8-acc9-d55e0ad9c60d",
          "name": "Reposition Left Lower Eyelid, Open Approach",
          "description": "Supplement Chordae Tendineae with Autologous Tissue Substitute, Percutaneous Approach",
          "status": "TASK_STATUS_TODO",
          "assignedUserId": "3e795d31-1912-4b09-8e5a-fd62a2461a8c",
          "patientId": "c05e189c-06c8-479e-b3b9-306f2b66c07d"
        }
      ]
    },
    {
      "id": "cc26d443-8997-4c50-9510-b85014ddaa84",
      "humanReadableIdentifier": "Bourke Pioch",
      "notes": "Unspecified fracture of unspecified foot, subsequent encounter for fracture with malunion",
      "tasks": [
        {
          "id": "bbd5f823-ba99-4066-b6ca-6b1d4821248c",
          "name": "Fusion of L Metacarpocarp Jt with Ext Fix, Open Approach",
          "status": "TASK_STATUS_DONE",
          "assignedUserId": "674217fc-05a6-4eec-ad7e-8a2d0dc8caa9",
          "patientId": "cc26d443-8997-4c50-9510-b85014ddaa84",
          "public": true,
          "subtasks": [
            {
              "id": "bb295e14-fc05-4867-8856-ac2569e629eb",
              "name": "Refusion of dorsal and dorsolumbar spine, posterior column, posterior technique"
            }
          ]
        }
      ]
    },
    {
      "id": "d2023b5e-7f84-4328-96b5-ffd5ddd7ccae",
      "humanReadableIdentifier": "Kane Seel",
      "notes": "Nondisplaced unspecified fracture of right great toe, subsequent encounter for fracture with routine healing",
      "tasks": [
        {
          "id": "2bda078a-ee5e-49e3-8a25-5c14c7b65682",
          "name": "Removal of Infusion Device from Testis, Perc Approach",
          "description": "Excision of Appendix, Percutaneous Endoscopic Approach, Diagnostic",
          "status": "TASK_STATUS_DONE",
          "assignedUserId": "46697884-4792-49ff-b243-14a17eb5b871",
          "patientId": "d2023b5e-7f84-4328-96b5-ffd5ddd7ccae",
          "public": true,
          "subtasks": [
            {
              "id": "efe7af29-65a6-4eb2-ae4f-4423f24ecafd",
              "name": "Pericardiocentesis",
              "done": true
            },
            {
              "id": "6e60ad0b-914e-4af8-ae5b-617718f487a3",
              "name": "Vital capacity determination",
              "done": true
            }
          ]
        },
        {
          "id": "b488b448-46dd-41ca-b4e2-910df5ace4b2",
          "name": "LDR Brachytherapy of Nasopharynx using Iridium 192",
          "description": "Restriction of Large Intestine with Extraluminal Device, Percutaneous Approach",
          "status": "TASK_STATUS_IN_PROGRESS",
          "assignedUserId": "5db6cc86-bbf1-4fa6-bbe8-a8cdea869758",
          "patientId": "d2023b5e-7f84-4328-96b5-ffd5ddd7ccae",
          "subtasks": [
            {
              "id": "d42487ea-ad3b-44d3-a048-2b17f72dd208",
              "name": "Incision of other bile ducts for relief of obstruction",
              "done": true
            },
            {
              "id": "ac4c8119-a2b7-43f5-a949-882bac8b5465",
              "name": "Therapeutic evacuation of anterior chamber",
              "done": true
            }
          ]
        }
      ]
    },
    {
      "id": "d341aeba-b5d2-42e7-9dd7-77ae5ae78e70",
      "humanReadableIdentifier": "Rici Stoddard",
      "notes": "Traumatic subdural hemorrhage"
    },
    {
      "id": "d43c1842-3965-4752-b7ac-438c2bc925b1",
      "humanReadableIdentifier": "Jehanna Pandya",
      "notes": "Unspecified disorder of synovium and tendon, left upper arm",
      "tasks": [
        {
          "id": "56bb419a-6d94-4332-8f6d-f79783f1c781",
          "name": "Supplement R Face Vein with Synth Sub, Perc Endo Approach",
          "description": "Tomographic (Tomo) Nuclear Medicine Imaging of Brain using Thallium 201 (Tl-201)",
          "status": "TASK_STATUS_DONE",
          "assignedUserId": "674217fc-05a6-4eec-ad7e-8a2d0dc8caa9",
          "patientId": "d43c1842-3965-4752-b7ac-438c2bc925b1"
        },
        {
          "id": "e815909c-4709-4e67-b387-f069f00ff9c8",
          "name": "Dilate of Celiac Art with 2 Intralum Dev, Perc Endo Approach",
          "description": "Revision of Synthetic Substitute in Left Elbow Joint, Open Approach",
          "status": "TASK_STATUS_TODO",
          "assignedUserId": "df363387-7774-4592-b01c-2b765abaa86a",
          "patientId": "d43c1842-3965-4752-b7ac-438c2bc925b1",
          "public": true
        },
        {
          "id": "db837e36-2cd9-4e1e-a9da-1062f96530f6",
          "name": "Extirpation of Matter from Upper Vein, Perc Endo Approach",
          "description": "Dilation of Right Hand Artery, Bifurcation, with Three Drug-eluting Intraluminal Devices, Percutaneous Approach",
          "status": "TASK_STATUS_IN_PROGRESS",
          "assignedUserId": "674217fc-05a6-4eec-ad7e-8a2d0dc8caa9",
          "patientId": "d43c1842-3965-4752-b7ac-438c2bc925b1",
          "public": true,
          "subtasks": [
            {
              "id": "1a4b0b88-e402-4550-904c-404311091ac0",
              "name": "Enlargement of existing atrial septal defect",
              "done": true
            }
          ]
        }
      ]
    },
    {
      "id": "ddb17a4d-a9e3-4ffe-8b37-6e7b04f93d48",
      "humanReadableIdentifier": "Tadd Jowitt",
      "notes": "Laceration of brachial artery, left side, initial encounter",
      "tasks": [
        {
          "id": "045618d6-4346-4694-96dc-736ab9e4f4d7",
          "name": "Revise Infusion Dev in L Metacarpophal Jt, Perc Endo",
          "description": "Repair Left Upper Lung Lobe, Percutaneous Endoscopic Approach",
          "status": "TASK_STATUS_IN_PROGRESS",
          "assignedUserId": "46697884-4792-49ff-b243-14a17eb5b871",
          "patientId": "ddb17a4d-a9e3-4ffe-8b37-6e7b04f93d48",
          "public": true
        },
        {
          "id": "04511ae8-39e4-4e35-994b-8e462cf5a73f",
          "name": "HDR Brachytherapy of Bile Ducts using Iodine 125",
          "description": "Removal of Synthetic Substitute from Left Radius, Percutaneous Endoscopic Approach",
          "status": "TASK_STATUS_DONE",
          "assignedUserId": "df363387-7774-4592-b01c-2b765abaa86a",
          "patientId": "ddb17a4d-a9e3-4ffe-8b37-6e7b04f93d48",
          "public": true
        }
      ]
    },
    {
      "id": "ddb6c139-cd0d-4c65-95d8-288035eabf54",
      "humanReadableIdentifier": "Byram Zealy",
      "notes": "Strain of unspecified muscle and tendon at ankle and foot level, unspecified foot, subsequent encounter",
      "tasks": [
        {
          "id": "8f64950a-2441-4b86-9f7e-75931fa8b2c4",
          "name": "Plain Radiography of Mastoids",
          "description": "Restriction of Colic Vein, Percutaneous Approach",
          "status": "TASK_STATUS_IN_PROGRESS",
          "assignedUserId": "46697884-4792-49ff-b243-14a17eb5b871",
          "patientId": "ddb6c139-cd0d-4c65-95d8-288035eabf54",
          "public": true,
          "subtasks": [
            {
              "id": "49af7127-213f-4423-b0fa-e9aed23b2119",
              "name": "Production of subcutaneous tunnel without esophageal anastomosis"
            }
          ]
        },
        {
          "id": "f531ae7e-96cd-4d5d-ab62-1afbe90fdd87",
          "name": "LDR Brachytherapy of Thorax Lymph using Palladium 103",
          "description": "Restriction of Accessory Pancreatic Duct with Intraluminal Device, Via Natural or Artificial Opening",
          "status": "TASK_STATUS_TODO",
          "assignedUserId": "df363387-7774-4592-b01c-2b765abaa86a",
          "patientId": "ddb6c139-cd0d-4c65-95d8-288035eabf54",
          "public": true,
          "subtasks": [
            {
              "id": "7be17800-a372-4b8a-aa92-05b6cdff5178",
              "name": "Local excision of lesion or tissue of bone, patella",
              "done": true
            },
            {
              "id": "f2e70feb-9137-44d7-bcad-b0e90bd0706a",
              "name": "Repair of retinal tear by photocoagulation of unspecified type"
            }
          ]
        },
        {
          "id": "7da7911a-ff4d-4c34-b965-f1b30e58793b",
          "name": "Reattachment of Mult Parathyroid, Perc Endo Approach",
          "description": "Release Right Popliteal Artery, Percutaneous Endoscopic Approach",
          "status": "TASK_STATUS_TODO",
          "assignedUserId": "00000000-0000-0000-0000-000000000000",
          "patientId": "ddb6c139-cd0d-4c65-95d8-288035eabf54",
          "public": true,
          "subtasks": [
            {
              "id": "8eea29fd-afd1-493e-8a22-1e7d44d885a9",
              "name": "Ligation of thyroid vessels"
            }
          ]
        }
      ]
    },
    {
      "id": "de70d0d0-94da-4d00-9dfc-54723320fe47",
      "humanReadableIdentifier": "Gabriel Crotty",
      "notes": "Passenger in pick-up truck or van injured in collision with other nonmotor vehicle in traffic accident, initial encounter",
      "tasks": [
        {
          "id": "5bbda217-668f-498c-9a52-8f3a7fa6f772",
          "name": "Revise of Infusion Dev in Vagina & Cul-de-sac, Perc Approach",
          "status": "TASK_STATUS_TODO",
          "assignedUserId": "531244c4-0500-4701-91ef-a03645ba92b2",
          "patientId": "de70d0d0-94da-4d00-9dfc-54723320fe47",
          "subtasks": [
            {
              "id": "1ce99fa5-efbb-4890-8e61-2b0f5890d761",
              "name": "Arthroplasty of carpocarpal or carpometacarpal joint with implant",
              "done": true
            }
          ]
        },
        {
          "id": "3356b4f0-3c6f-4d50-8831-f9c8364aade9",
          "name": "Restriction of Asc Colon with Intralum Dev, Open Approach",
          "description": "Extirpation of Matter from Face Artery, Percutaneous Endoscopic Approach",
          "status": "TASK_STATUS_TODO",
          "assignedUserId": "00000000-0000-0000-0000-000000000000",
          "patientId": "de70d0d0-94da-4d00-9dfc-54723320fe47"
        }
      ]
    },
    {
      "id": "f2e2af04-9ddc-4a22-b648-e8b9feea23d7",
      "humanReadableIdentifier": "Flore Trenaman",
      "notes": "Malignant neoplasm of unspecified orbit"
    }
  ]
}
