Exists, has rooms:
{
  "rooms": [
    {
      "id": "80d49a5a-573e-4a7a-a9b4-f8d2431f6f14",
      "name": "Legal",
      "beds": [
        {
          "id": "1d8fbe74-37be-4ec1-beb2-0518b51e1da8",
          "name": "Turquoise"
        }
      ],
      "organizationId": "3b25c6f5-4705-4074-9fc6-a50c28eba406",
      "wardId": "51aca99b-2372-40b4-99ed-355dad6c014d"
    },
    {
      "id": "c7e6c19e-df2e-4130-b8f3-97b551f911ed",
      "name": "Research and Development",
      "beds": [
        {
          "id": "8612b526-9f2b-486f-9e6c-d1581ef5b6be",
          "name": "Fuscia"
        },
        {
          "id": "018bd012-4aa1-468f-b57c-c0028507c332",
          "name": "Mauv"
        },
        {
          "id": "371e0bb7-1d55-46bb-a972-4bea0df958da",
          "name": "Orange"
        },
        {
          "id": "9f5d0d44-066e-4520-aec3-46a51090d15a",
          "name": "Red"
        },
        {
          "id": "01e91d0a-88ac-402b-932e-bae326a7c234",
          "name": "Teal"
        },
        {
          "id": "c9cb785f-4db3-42f8-935a-b5c88652231b",
          "name": "Violet"
        },
        {
          "id": "99205989-53a4-4362-8280-c746d30ebc12",
          "name": "Yellow"
        }
      ],
      "organizationId": "3b25c6f5-4705-4074-9fc6-a50c28eba406",
      "wardId": "51aca99b-2372-40b4-99ed-355dad6c014d"
    }
  ]
}
Exists, has no rooms:
{}
Does not exist:
{}
