Exists, has rooms:
{
  "rooms": [
    {
      "id": "80d49a5a-573e-4a7a-a9b4-f8d2431f6f14",
      "name": "Legal",
      "beds": [
        {
          "id": "1d8fbe74-37be-4ec1-beb2-0518b51e1da8",
          "name": "Turquoise"
        }
      ]
    },
    {
      "id": "c7e6c19e-df2e-4130-b8f3-97b551f911ed",
      "name": "Research and Development",
      "beds": [
        {
          "id": "8612b526-9f2b-486f-9e6c-d1581ef5b6be",
          "patient": {
            "id": "4a2e5163-57a7-4a50-9ed7-981c119848d7",
            "humanReadableIdentifier": "Desiree Ert",
            "tasksUnscheduled": 4
          },
          "name": "Fuscia"
        },
        {
          "id": "018bd012-4aa1-468f-b57c-c0028507c332",
          "patient": {
            "id": "b8fa077f-4bc2-4c54-82fa-57d6728db45c",
            "humanReadableIdentifier": "Marwin Othen"
          },
          "name": "Mauv"
        },
        {
          "id": "371e0bb7-1d55-46bb-a972-4bea0df958da",
          "patient": {
            "id": "029df1d1-7d74-44e0-a093-e038123cce3c",
            "humanReadableIdentifier": "Davie Dislee",
            "tasksUnscheduled": 1
          },
          "name": "Orange"
        },
        {
          "id": "9f5d0d44-066e-4520-aec3-46a51090d15a",
          "patient": {
            "id": "8763d32d-73d1-4e53-b367-b970ee5f6c18",
            "humanReadableIdentifier": "Grazia Rehn",
            "tasksUnscheduled": 1,
            "tasksInProgress": 1,
            "tasksDone": 2
          },
          "name": "Red"
        },
        {
          "id": "01e91d0a-88ac-402b-932e-bae326a7c234",
          "patient": {
            "id": "f3c65081-1597-4b0b-bb7d-96256cf329fa",
            "humanReadableIdentifier": "Egbert Merriott",
            "tasksInProgress": 1,
            "tasksDone": 1
          },
          "name": "Teal"
        },
        {
          "id": "c9cb785f-4db3-42f8-935a-b5c88652231b",
          "patient": {
            "id": "d5836f3c-6445-4442-b9da-82949af80428",
            "humanReadableIdentifier": "Olag Mooreed",
            "tasksDone": 1
          },
          "name": "Violet"
        },
        {
          "id": "99205989-53a4-4362-8280-c746d30ebc12",
          "patient": {
            "id": "bad8fe7e-8f11-4c30-a97f-05f211882909",
            "humanReadableIdentifier": "Robinette Euston",
            "tasksUnscheduled": 1
          },
          "name": "Yellow"
        }
      ]
    }
  ]
}
Exists, has no rooms:
{}
Does not exist:
{}
