Exists, has subtasks:
{
  "id": "4454d62d-fd22-40f8-b4ab-2f1de65ed881",
  "name": "Drainage of Right Lower Extremity, Percutaneous Approach",
  "description": "Reposition Right Occipital Bone, Percutaneous Endoscopic Approach",
  "status": "TASK_STATUS_DONE",
  "assignedUserId": "22b47b87-aadf-4e81-802d-9e23489e696c",
  "patient": {
    "id": "65708dab-983d-450a-8786-57b1336a2e9f",
    "name": "Shawna Vondruska"
  },
  "dueAt": "2024-03-25T06:17:50Z",
  "createdBy": "674217fc-05a6-4eec-ad7e-8a2d0dc8caa9",
  "subtasks": [
    {
      "id": "bb59ac22-ca79-4dd3-a9c2-d9fa0505390b",
      "name": "Other arthrotomy, ankle",
      "createdBy": "46697884-4792-49ff-b243-14a17eb5b871"
    },
    {
      "id": "adf84aad-50c0-4036-9034-2ee3e34797ae",
      "name": "Removal of both fallopian tubes at same operative episode",
      "createdBy": "674217fc-05a6-4eec-ad7e-8a2d0dc8caa9"
    }
  ],
  "organizationId": "3b25c6f5-4705-4074-9fc6-a50c28eba406"
}
Exists, has no subtasks:
{
  "id": "a2f04cb2-4587-48ad-89ee-a01256a80d7c",
  "name": "Reposition Left Hand Tendon, Open Approach",
  "description": "Dilation of Left Radial Artery with Four or More Drug-eluting Intraluminal Devices, Percutaneous Approach",
  "status": "TASK_STATUS_DONE",
  "assignedUserId": "5db6cc86-bbf1-4fa6-bbe8-a8cdea869758",
  "patient": {
    "id": "8763d32d-73d1-4e53-b367-b970ee5f6c18",
    "name": "Grazia Rehn"
  },
  "dueAt": "2023-11-04T07:55:09Z",
  "createdBy": "df363387-7774-4592-b01c-2b765abaa86a",
  "organizationId": "3b25c6f5-4705-4074-9fc6-a50c28eba406"
}
Does not exists:
ERROR:
  Code: InvalidArgument
  Message: id not found

