First, get a clean slate:
{
  "wards": [
    {
      "id": "51aca99b-2372-40b4-99ed-355dad6c014d",
      "name": "Portage",
      "bedCount": 8,
      "tasksTodo": 7,
      "tasksInProgress": 2,
      "tasksDone": 4
    },
    {
      "id": "626e8c70-dc93-44fb-a9d5-0b828a0a0c4b",
      "name": "Arrowood"
    }
  ]
}
