Exists, has tasks:
{
  "tasks": [
    {
      "id": "dd1d2393-cd96-46ed-ab4b-2325d0332bed",
      "name": "Drainage of Accessory Nerve, Open Approach, Diagnostic",
      "description": "Bypass Bilateral Ureters to Cutaneous, Percutaneous Endoscopic Approach",
      "status": "TASK_STATUS_DONE",
      "assignedUserId": "73c0d265-3c9a-410a-8eaf-0174fc57f421",
      "patientId": "b1f373b9-30f4-4e77-a202-bb392b4080d3",
      "public": true,
      "dueAt": "2024-02-01T04:24:35Z",
      "createdBy": "3e795d31-1912-4b09-8e5a-fd62a2461a8c",
      "subtasks": [
        {
          "id": "df0dbcbf-e264-4e28-904a-47f57f99a640",
          "name": "Closed [endoscopic] biopsy of larynx",
          "done": true,
          "createdBy": "df363387-7774-4592-b01c-2b765abaa86a"
        }
      ]
    },
    {
      "id": "e1dd4cbf-1bd3-44ea-b967-998056e0e6fd",
      "name": "Heart and Great Vessels, Inspection",
      "description": "Drainage of Perineum Muscle with Drainage Device, Percutaneous Approach",
      "status": "TASK_STATUS_DONE",
      "assignedUserId": "00000000-0000-0000-0000-000000000000",
      "patientId": "b1f373b9-30f4-4e77-a202-bb392b4080d3",
      "public": true,
      "dueAt": "2022-12-20T03:39:09Z",
      "createdBy": "73c0d265-3c9a-410a-8eaf-0174fc57f421"
    },
    {
      "id": "39203936-ae8d-43f1-b5ad-a306461e865d",
      "name": "Repair Buccal Mucosa, External Approach",
      "description": "Revision of Infusion Device in Prostate and Seminal Vesicles, External Approach",
      "status": "TASK_STATUS_IN_PROGRESS",
      "assignedUserId": "531244c4-0500-4701-91ef-a03645ba92b2",
      "patientId": "b1f373b9-30f4-4e77-a202-bb392b4080d3",
      "dueAt": "2023-08-27T21:01:27Z",
      "createdBy": "22b47b87-aadf-4e81-802d-9e23489e696c"
    }
  ]
}
Exists, has no tasks:
{}
Does not exist:
{}
