user: 8aa8a5ee-2a35-4203-81bb-baf4ca17a9e9:
{
  "tasks": [
    {
      "id": "283e2353-dbb5-4f9d-97e8-364a23d1ab2e",
      "name": "Excision of Right Tarsal Joint, Percutaneous Approach",
      "status": "TASK_STATUS_IN_PROGRESS",
      "assignedUserId": "8aa8a5ee-2a35-4203-81bb-baf4ca17a9e9",
      "patient": {
        "id": "53518dde-4fea-487c-946d-9aeedab4fd01",
        "name": "Zorana Gery"
      },
      "dueAt": "2024-01-15T15:52:58Z",
      "createdBy": "3a82ae88-c43a-4ada-8659-9c5f372cb48d",
      "subtasks": [
        {
          "id": "69a82ad6-8063-44de-a115-5a43cb0d5a92",
          "name": "Other operations on lacrimal system",
          "createdBy": "531244c4-0500-4701-91ef-a03645ba92b2"
        },
        {
          "id": "6b5c985d-ef05-4c88-b552-bd6819216092",
          "name": "Removal of embedded foreign body from conjunctiva by incision",
          "done": true,
          "createdBy": "8aa8a5ee-2a35-4203-81bb-baf4ca17a9e9"
        },
        {
          "id": "12139a15-5158-4610-97a2-340dc9457236",
          "name": "Removal of other urinary drainage device",
          "createdBy": "5db6cc86-bbf1-4fa6-bbe8-a8cdea869758"
        },
        {
          "id": "be7cc5b7-afdc-40f7-a029-0772fa188c1a",
          "name": "Anterior resection of rectum with synchronous colostomy",
          "done": true,
          "createdBy": "531244c4-0500-4701-91ef-a03645ba92b2"
        }
      ]
    },
    {
      "id": "02d6632d-1a67-4182-992e-6384e00ac2d7",
      "name": "Dilation of Abdominal Aorta with 2 Drug-elut, Perc Approach",
      "description": "Extirpation of Matter from Coccygeal Joint, Percutaneous Endoscopic Approach",
      "status": "TASK_STATUS_DONE",
      "assignedUserId": "8aa8a5ee-2a35-4203-81bb-baf4ca17a9e9",
      "patient": {
        "id": "f3c65081-1597-4b0b-bb7d-96256cf329fa",
        "name": "Egbert Merriott"
      },
      "public": true,
      "dueAt": "2023-04-29T10:32:59Z",
      "createdBy": "46697884-4792-49ff-b243-14a17eb5b871",
      "subtasks": [
        {
          "id": "b66ca2da-ec1c-47a5-95f1-6ad7643fb1a7",
          "name": "Symphysiotomy for horseshoe kidney",
          "done": true,
          "createdBy": "5db6cc86-bbf1-4fa6-bbe8-a8cdea869758"
        }
      ]
    },
    {
      "id": "7d4d16b2-f0d6-474d-9312-180e8734fc26",
      "name": "Replacement of Low Tooth, All, with Synth Sub, Open Approach",
      "description": "Release Tongue, Palate, Pharynx Muscle, Open Approach",
      "status": "TASK_STATUS_IN_PROGRESS",
      "assignedUserId": "8aa8a5ee-2a35-4203-81bb-baf4ca17a9e9",
      "patient": {
        "id": "bf3ee02f-adba-4320-8fa6-dd9456585232",
        "name": "Troy Whatling"
      },
      "public": true,
      "dueAt": "2024-11-20T23:26:08Z",
      "createdBy": "df363387-7774-4592-b01c-2b765abaa86a"
    },
    {
      "id": "93665228-249f-4668-8ca6-2bb3b9936d96",
      "name": "Occlusion of Colic Vein with Intralum Dev, Open Approach",
      "description": "Insertion of Infusion Device into Right Lung, Percutaneous Approach",
      "status": "TASK_STATUS_TODO",
      "assignedUserId": "8aa8a5ee-2a35-4203-81bb-baf4ca17a9e9",
      "patient": {
        "id": "2d977c7a-c0a8-4d06-b474-1824d440d8b4",
        "name": "Dorothea Gurr"
      },
      "public": true,
      "dueAt": "2024-05-12T07:56:36Z",
      "createdBy": "df363387-7774-4592-b01c-2b765abaa86a"
    }
  ]
}
user: 531244c4-0500-4701-91ef-a03645ba92b2:
{
  "tasks": [
    {
      "id": "227c506a-c73b-4efc-bb88-6e119d87bf6b",
      "name": "Excision of Right Middle Lobe Bronchus, Via Opening",
      "description": "Drainage of Right Brachial Artery with Drainage Device, Open Approach",
      "status": "TASK_STATUS_IN_PROGRESS",
      "assignedUserId": "531244c4-0500-4701-91ef-a03645ba92b2",
      "patient": {
        "id": "2d977c7a-c0a8-4d06-b474-1824d440d8b4",
        "name": "Dorothea Gurr"
      },
      "dueAt": "2024-11-12T04:32:12Z",
      "createdBy": "3a82ae88-c43a-4ada-8659-9c5f372cb48d",
      "subtasks": [
        {
          "id": "692d6de8-7fd7-4679-9fde-a7ae0b0a6a7b",
          "name": "Reattachment of amputated ear",
          "done": true,
          "createdBy": "3e795d31-1912-4b09-8e5a-fd62a2461a8c"
        }
      ]
    },
    {
      "id": "b9c97686-edbb-46da-9f09-7d9c97186020",
      "name": "Reattachment of Right Thorax Tendon, Open Approach",
      "description": "Replacement of Nasal Turbinate with Autologous Tissue Substitute, Percutaneous Approach",
      "status": "TASK_STATUS_DONE",
      "assignedUserId": "531244c4-0500-4701-91ef-a03645ba92b2",
      "patient": {
        "id": "65708dab-983d-450a-8786-57b1336a2e9f",
        "name": "Shawna Vondruska"
      },
      "public": true,
      "dueAt": "2023-11-29T07:08:28Z",
      "createdBy": "8aa8a5ee-2a35-4203-81bb-baf4ca17a9e9",
      "subtasks": [
        {
          "id": "74ba4f57-b222-439c-82ac-5a64467ac264",
          "name": "Pericardiocentesis",
          "createdBy": "3e795d31-1912-4b09-8e5a-fd62a2461a8c"
        },
        {
          "id": "50e79048-acaf-46b4-adb2-6f1b2754f2cb",
          "name": "Other and open bilateral repair of inguinal hernia, one direct and one indirect, with graft or prosthesis",
          "createdBy": "46697884-4792-49ff-b243-14a17eb5b871"
        }
      ]
    },
    {
      "id": "6b7e7b0c-596f-499b-ae7b-e9f90dc60f4d",
      "name": "Insertion of Radioactive Element into R Wrist, Open Approach",
      "description": "Magnetic Resonance Imaging (MRI) of Neck using Other Contrast",
      "status": "TASK_STATUS_TODO",
      "assignedUserId": "531244c4-0500-4701-91ef-a03645ba92b2",
      "patient": {
        "id": "23edc7ee-5a0e-41ac-91b3-db21455b6e6b",
        "name": "Janot Mabon"
      },
      "public": true,
      "dueAt": "2023-05-13T05:08:24Z",
      "createdBy": "3e795d31-1912-4b09-8e5a-fd62a2461a8c",
      "subtasks": [
        {
          "id": "c98735e7-988d-4151-9c8a-1abfcacf1eae",
          "name": "Other lysis of peritoneal adhesions",
          "createdBy": "46697884-4792-49ff-b243-14a17eb5b871"
        },
        {
          "id": "55914475-c913-453f-92d1-2a11cad57ae2",
          "name": "Arthrodesis of shoulder",
          "createdBy": "674217fc-05a6-4eec-ad7e-8a2d0dc8caa9"
        },
        {
          "id": "35a15a66-bad5-48af-829e-8df02f56c996",
          "name": "Other excision or destruction of lesion or tissue of pancreas or pancreatic duct",
          "createdBy": "3e795d31-1912-4b09-8e5a-fd62a2461a8c"
        }
      ]
    },
    {
      "id": "bc5d1f18-5145-42b4-ba18-dc7242626fae",
      "name": "Inspection of Right Wrist Joint, Open Approach",
      "description": "Resection of Right Wrist Bursa and Ligament, Open Approach",
      "status": "TASK_STATUS_DONE",
      "assignedUserId": "531244c4-0500-4701-91ef-a03645ba92b2",
      "patient": {
        "id": "65708dab-983d-450a-8786-57b1336a2e9f",
        "name": "Shawna Vondruska"
      },
      "dueAt": "2024-09-10T21:27:34Z",
      "createdBy": "3a82ae88-c43a-4ada-8659-9c5f372cb48d",
      "subtasks": [
        {
          "id": "f1d465c5-6f75-4b35-8719-05dd1dabca07",
          "name": "Arteriography of femoral and other lower extremity arteries",
          "done": true,
          "createdBy": "3e795d31-1912-4b09-8e5a-fd62a2461a8c"
        },
        {
          "id": "2783544c-cac8-4b35-bea2-84666aa9c270",
          "name": "Other evisceration of eyeball",
          "done": true,
          "createdBy": "531244c4-0500-4701-91ef-a03645ba92b2"
        }
      ]
    },
    {
      "id": "3b9e7844-6eee-4f7f-ba4d-2e0d977793c8",
      "name": "Drainage of Cystic Duct, Perc Endo Approach, Diagn",
      "status": "TASK_STATUS_TODO",
      "assignedUserId": "531244c4-0500-4701-91ef-a03645ba92b2",
      "patient": {
        "id": "04da6ed3-1082-4149-8b29-abbcde3cd6b5",
        "name": "Lorain Marchiso"
      },
      "dueAt": "2024-06-18T17:45:44Z",
      "createdBy": "674217fc-05a6-4eec-ad7e-8a2d0dc8caa9",
      "subtasks": [
        {
          "id": "f2681cab-88c2-4fa8-b28a-399cacf8c9c5",
          "name": "Noninvasive programmed electrical stimulation [NIPS]",
          "done": true,
          "createdBy": "674217fc-05a6-4eec-ad7e-8a2d0dc8caa9"
        },
        {
          "id": "89d3e368-6b4e-4d11-b9cd-74e1c4411072",
          "name": "Microscopic examination of specimen from other site, culture",
          "createdBy": "3a82ae88-c43a-4ada-8659-9c5f372cb48d"
        },
        {
          "id": "7b2e28c8-0b55-4299-b4b1-90a828734805",
          "name": "Partial gastrectomy with anastomosis to esophagus",
          "createdBy": "674217fc-05a6-4eec-ad7e-8a2d0dc8caa9"
        }
      ]
    },
    {
      "id": "5bbda217-668f-498c-9a52-8f3a7fa6f772",
      "name": "Revise of Infusion Dev in Vagina \u0026 Cul-de-sac, Perc Approach",
      "status": "TASK_STATUS_TODO",
      "assignedUserId": "531244c4-0500-4701-91ef-a03645ba92b2",
      "patient": {
        "id": "de70d0d0-94da-4d00-9dfc-54723320fe47",
        "name": "Gabriel Crotty"
      },
      "dueAt": "2024-07-04T17:45:21Z",
      "createdBy": "22b47b87-aadf-4e81-802d-9e23489e696c",
      "subtasks": [
        {
          "id": "1ce99fa5-efbb-4890-8e61-2b0f5890d761",
          "name": "Arthroplasty of carpocarpal or carpometacarpal joint with implant",
          "done": true,
          "createdBy": "531244c4-0500-4701-91ef-a03645ba92b2"
        }
      ]
    },
    {
      "id": "2b32ad4a-100b-4cca-a4aa-90b53d12ccc2",
      "name": "Revision of Nonaut Sub in R Low Extrem, Perc Endo Approach",
      "description": "Resection of Jejunum, Open Approach",
      "status": "TASK_STATUS_IN_PROGRESS",
      "assignedUserId": "531244c4-0500-4701-91ef-a03645ba92b2",
      "patient": {
        "id": "bf3ee02f-adba-4320-8fa6-dd9456585232",
        "name": "Troy Whatling"
      },
      "dueAt": "2023-02-02T02:31:16Z",
      "createdBy": "df363387-7774-4592-b01c-2b765abaa86a",
      "subtasks": [
        {
          "id": "3f70d251-eea0-4859-955b-0a7e6d06447f",
          "name": "(Aorto)coronary bypass of two coronary arteries",
          "createdBy": "8aa8a5ee-2a35-4203-81bb-baf4ca17a9e9"
        }
      ]
    },
    {
      "id": "fbaaac31-0826-4289-b759-96a4f0d72401",
      "name": "Extraction of Post Neck Subcu/Fascia, Perc Approach",
      "description": "Removal of Autologous Tissue Substitute from Right Finger Phalangeal Joint, Percutaneous Approach",
      "status": "TASK_STATUS_TODO",
      "assignedUserId": "531244c4-0500-4701-91ef-a03645ba92b2",
      "patient": {
        "id": "4a2e5163-57a7-4a50-9ed7-981c119848d7",
        "name": "Desiree Ert"
      },
      "dueAt": "2024-10-24T15:23:21Z",
      "createdBy": "46697884-4792-49ff-b243-14a17eb5b871",
      "subtasks": [
        {
          "id": "5e89560d-149f-4de7-802b-df1d34d2cc97",
          "name": "Other turbinectomy",
          "done": true,
          "createdBy": "00000000-0000-0000-0000-000000000000"
        }
      ]
    },
    {
      "id": "2788364b-6bdf-4b8d-aa01-041b1b80533e",
      "name": "Detachment at Right Upper Leg, High, Open Approach",
      "description": "Insertion of Spacer into Right Temporomandibular Joint, Percutaneous Approach",
      "status": "TASK_STATUS_TODO",
      "assignedUserId": "531244c4-0500-4701-91ef-a03645ba92b2",
      "patient": {
        "id": "23edc7ee-5a0e-41ac-91b3-db21455b6e6b",
        "name": "Janot Mabon"
      },
      "dueAt": "2025-01-24T07:27:54Z",
      "createdBy": "531244c4-0500-4701-91ef-a03645ba92b2",
      "subtasks": [
        {
          "id": "62b512ed-11c9-4c0e-99ff-5531418fb675",
          "name": "Local excision of esophageal diverticulum",
          "createdBy": "5db6cc86-bbf1-4fa6-bbe8-a8cdea869758"
        }
      ]
    },
    {
      "id": "cfdf8e12-7038-4580-9255-8fd51009f421",
      "name": "Dilation of R Int Mamm Art, Bifurc, Open Approach",
      "status": "TASK_STATUS_IN_PROGRESS",
      "assignedUserId": "531244c4-0500-4701-91ef-a03645ba92b2",
      "patient": {
        "id": "f3c65081-1597-4b0b-bb7d-96256cf329fa",
        "name": "Egbert Merriott"
      },
      "public": true,
      "dueAt": "2022-12-23T18:54:10Z",
      "createdBy": "674217fc-05a6-4eec-ad7e-8a2d0dc8caa9"
    },
    {
      "id": "39203936-ae8d-43f1-b5ad-a306461e865d",
      "name": "Repair Buccal Mucosa, External Approach",
      "description": "Revision of Infusion Device in Prostate and Seminal Vesicles, External Approach",
      "status": "TASK_STATUS_IN_PROGRESS",
      "assignedUserId": "531244c4-0500-4701-91ef-a03645ba92b2",
      "patient": {
        "id": "b1f373b9-30f4-4e77-a202-bb392b4080d3",
        "name": "Corissa Bruins"
      },
      "dueAt": "2023-08-27T21:01:27Z",
      "createdBy": "22b47b87-aadf-4e81-802d-9e23489e696c"
    },
    {
      "id": "249a1021-73ae-4996-a701-9a19603cec21",
      "name": "Transplantation of Bilateral Lungs, Syngeneic, Open Approach",
      "status": "TASK_STATUS_TODO",
      "assignedUserId": "531244c4-0500-4701-91ef-a03645ba92b2",
      "patient": {
        "id": "707aa958-b3b5-485a-83ab-bbd030605bf5",
        "name": "Cosetta Enrico"
      },
      "public": true,
      "dueAt": "2022-12-27T11:56:37Z",
      "createdBy": "8aa8a5ee-2a35-4203-81bb-baf4ca17a9e9"
    }
  ]
}
user: 431244c4-0500-4701-91ef-a03645ba92b2:
{}
