no optionals
result:
{
  "id": "RANDOM ID",
  "name": "Some Great Task",
  "status": "TASK_STATUS_TODO",
  "assignedUserId": "00000000-0000-0000-0000-000000000000",
  "patient": {
    "id": "de70d0d0-94da-4d00-9dfc-54723320fe47",
    "name": "Gabriel Crotty"
  },
  "dueAt": "1970-01-01T00:00:00Z",
  "createdBy": "18159713-5d4e-4ad5-94ad-fbb6bb147984",
  "organizationId": "3b25c6f5-4705-4074-9fc6-a50c28eba406"
}
delete again
{}
see:
ERROR:
  Code: InvalidArgument
  Message: id not found

with optionals
result:
{
  "id": "RANDOM ID",
  "name": "Some Great Task",
  "description": "This is a description.",
  "status": "TASK_STATUS_IN_PROGRESS",
  "assignedUserId": "00000000-0000-0000-0000-000000000000",
  "patient": {
    "id": "de70d0d0-94da-4d00-9dfc-54723320fe47",
    "name": "Gabriel Crotty"
  },
  "public": true,
  "dueAt": "2024-01-01T16:52:45.762Z",
  "createdBy": "18159713-5d4e-4ad5-94ad-fbb6bb147984",
  "organizationId": "3b25c6f5-4705-4074-9fc6-a50c28eba406"
}
delete again
{}
see:
ERROR:
  Code: InvalidArgument
  Message: id not found

