no optionals
result:
{
  "id": "a2f04cb2-4587-48ad-89ee-a01256a80d7c",
  "name": "Changed Name",
  "description": "Clear description",
  "status": "TASK_STATUS_DONE",
  "assignedUserId": "5db6cc86-bbf1-4fa6-bbe8-a8cdea869758",
  "patient": {
    "id": "8763d32d-73d1-4e53-b367-b970ee5f6c18",
    "name": "Grazia Rehn"
  },
  "public": true,
  "dueAt": "2023-11-04T06:58:00Z",
  "createdBy": "df363387-7774-4592-b01c-2b765abaa86a",
  "subtasks": [
    {
      "id": "bf154d1e-19d7-4d62-9864-cf34805b91fe",
      "name": "Some Great Task",
      "createdBy": "18159713-5d4e-4ad5-94ad-fbb6bb147984"
    }
  ],
  "organizationId": "3b25c6f5-4705-4074-9fc6-a50c28eba406"
}
delete again
{}
see:
{
  "id": "a2f04cb2-4587-48ad-89ee-a01256a80d7c",
  "name": "Changed Name",
  "description": "Clear description",
  "status": "TASK_STATUS_DONE",
  "assignedUserId": "5db6cc86-bbf1-4fa6-bbe8-a8cdea869758",
  "patient": {
    "id": "8763d32d-73d1-4e53-b367-b970ee5f6c18",
    "name": "Grazia Rehn"
  },
  "public": true,
  "dueAt": "2023-11-04T06:58:00Z",
  "createdBy": "df363387-7774-4592-b01c-2b765abaa86a",
  "organizationId": "3b25c6f5-4705-4074-9fc6-a50c28eba406"
}
with optionals
result:
{
  "id": "a2f04cb2-4587-48ad-89ee-a01256a80d7c",
  "name": "Changed Name",
  "description": "Clear description",
  "status": "TASK_STATUS_DONE",
  "assignedUserId": "5db6cc86-bbf1-4fa6-bbe8-a8cdea869758",
  "patient": {
    "id": "8763d32d-73d1-4e53-b367-b970ee5f6c18",
    "name": "Grazia Rehn"
  },
  "public": true,
  "dueAt": "2023-11-04T06:58:00Z",
  "createdBy": "df363387-7774-4592-b01c-2b765abaa86a",
  "subtasks": [
    {
      "id": "4cef3c3a-2ee9-4529-8f09-1509ca321c18",
      "name": "Some Great Task",
      "done": true,
      "createdBy": "18159713-5d4e-4ad5-94ad-fbb6bb147984"
    }
  ],
  "organizationId": "3b25c6f5-4705-4074-9fc6-a50c28eba406"
}
delete again
{}
see:
{
  "id": "a2f04cb2-4587-48ad-89ee-a01256a80d7c",
  "name": "Changed Name",
  "description": "Clear description",
  "status": "TASK_STATUS_DONE",
  "assignedUserId": "5db6cc86-bbf1-4fa6-bbe8-a8cdea869758",
  "patient": {
    "id": "8763d32d-73d1-4e53-b367-b970ee5f6c18",
    "name": "Grazia Rehn"
  },
  "public": true,
  "dueAt": "2023-11-04T06:58:00Z",
  "createdBy": "df363387-7774-4592-b01c-2b765abaa86a",
  "organizationId": "3b25c6f5-4705-4074-9fc6-a50c28eba406"
}
