invalid id
ERROR:
  Code: InvalidArgument
  Message: invalid UUID length: 12

id does not exist
{}
Existing id, no-op
{}
see before
{
  "templates": [
    {
      "id": "c86e76a1-60f0-498e-8f2f-b4c642fe353c",
      "name": "Bypass Thor Aorta Asc to Subclav w Nonaut Sub, Perc Endo",
      "description": "Epididymovasostomy",
      "isPublic": true,
      "subtasks": [
        {
          "id": "f8aae6a8-5aa2-4f27-a48e-0c8ff68627f2",
          "taskTemplateId": "c86e76a1-60f0-498e-8f2f-b4c642fe353c",
          "name": "Fusion of Left Wrist Joint with Autol Sub, Open Approach"
        }
      ]
    },
    {
      "id": "9ee21d4a-65cc-431a-8ded-32790ddd8be1",
      "description": "Skeletal x-ray of shoulder and upper arm",
      "isPublic": true,
      "subtasks": [
        {
          "id": "8a8e3f56-cfb2-4fe7-afdc-9a3feed13c9a",
          "taskTemplateId": "9ee21d4a-65cc-431a-8ded-32790ddd8be1",
          "name": "Drainage of Liver with Drainage Device, Perc Endo Approach"
        }
      ]
    },
    {
      "id": "9661984d-0ee2-4f61-8302-00eeb7b23a37",
      "name": "Motor Function Treatment of Integu Head, Neck using Orthosis",
      "isPublic": true
    },
    {
      "id": "9d21dd28-0b9a-40b9-abf3-71b01c18e8c7",
      "name": "Bypass Pelvic Cav to R Pleural Cav w Synth Sub, Perc Endo",
      "description": "Laryngoscopy and other tracheoscopy",
      "isPublic": true
    },
    {
      "id": "7628788b-78ea-4664-a305-c4567868fdec",
      "name": "Dilate of 3 Cor Art with 2 Intralum Dev, Perc Endo Approach",
      "isPublic": true
    }
  ]
}
Existing id, proper update
{}
see change
{
  "templates": [
    {
      "id": "c86e76a1-60f0-498e-8f2f-b4c642fe353c",
      "name": "Bypass Thor Aorta Asc to Subclav w Nonaut Sub, Perc Endo",
      "description": "Epididymovasostomy",
      "isPublic": true,
      "subtasks": [
        {
          "id": "f8aae6a8-5aa2-4f27-a48e-0c8ff68627f2",
          "taskTemplateId": "c86e76a1-60f0-498e-8f2f-b4c642fe353c",
          "name": "Fusion of Left Wrist Joint with Autol Sub, Open Approach"
        }
      ]
    },
    {
      "id": "9ee21d4a-65cc-431a-8ded-32790ddd8be1",
      "description": "Skeletal x-ray of shoulder and upper arm",
      "isPublic": true,
      "subtasks": [
        {
          "id": "8a8e3f56-cfb2-4fe7-afdc-9a3feed13c9a",
          "taskTemplateId": "9ee21d4a-65cc-431a-8ded-32790ddd8be1",
          "name": "Drainage of Liver with Drainage Device, Perc Endo Approach"
        }
      ]
    },
    {
      "id": "9661984d-0ee2-4f61-8302-00eeb7b23a37",
      "name": "Motor Function Treatment of Integu Head, Neck using Orthosis",
      "isPublic": true
    },
    {
      "id": "9d21dd28-0b9a-40b9-abf3-71b01c18e8c7",
      "name": "Some Updated Name",
      "description": "Some Updated Description",
      "isPublic": true
    },
    {
      "id": "7628788b-78ea-4664-a305-c4567868fdec",
      "name": "Dilate of 3 Cor Art with 2 Intralum Dev, Perc Endo Approach",
      "isPublic": true
    }
  ]
}
undo update for consistency
{}
