invalid id
ERROR:
  Code: InvalidArgument
  Message: invalid UUID length: 12

id does not exist
{}
Existing id, no-op
{}
see before
{
  "templates": [
    {
      "id": "f2e66a9f-f5ba-444f-a8ff-35081156c1f1",
      "name": "Supplement Right Fibula with Nonaut Sub, Perc Approach",
      "isPublic": true,
      "subtasks": [
        {
          "id": "7832046d-edbf-4a27-8b10-a4625350c2e0",
          "taskTemplateId": "f2e66a9f-f5ba-444f-a8ff-35081156c1f1",
          "name": "Restriction of Splenic Vein, Percutaneous Approach"
        }
      ]
    },
    {
      "id": "20efca74-2c89-4ffe-bcdb-01297f4cb247",
      "name": "Replace R Int Jugular Vein w Autol Sub, Perc Endo",
      "isPublic": true,
      "subtasks": [
        {
          "id": "713c5f45-b720-4685-9235-86fdbd34dd8d",
          "taskTemplateId": "20efca74-2c89-4ffe-bcdb-01297f4cb247",
          "name": "Insert of Infusion Dev into L Less Saphenous, Perc Approach"
        },
        {
          "id": "dc8635e1-5eb5-4dee-9b4e-7b93680a992e",
          "taskTemplateId": "20efca74-2c89-4ffe-bcdb-01297f4cb247",
          "name": "Introduction of Destructive Agent into GU Tract, Via Opening"
        },
        {
          "id": "1442b0ef-17e5-4b43-b40f-9c6a9777a157",
          "taskTemplateId": "20efca74-2c89-4ffe-bcdb-01297f4cb247",
          "name": "Bypass L Fem Art to L Femor A w Nonaut Sub, Perc Endo"
        }
      ]
    },
    {
      "id": "0e4b502e-fc08-4c24-a819-da6da17e6ce8",
      "name": "Introduction of Other Hormone into Periph Art, Perc Approach",
      "description": "Other operations on valves of heart",
      "isPublic": true,
      "subtasks": [
        {
          "id": "2e9cecf9-776d-48d6-bc1d-1935bd5f4e86",
          "taskTemplateId": "0e4b502e-fc08-4c24-a819-da6da17e6ce8"
        }
      ]
    },
    {
      "id": "835041e7-1989-4583-9ca4-cd98e91b24e4",
      "name": "Reposition Coccyx, External Approach",
      "description": "Other cervical biopsy",
      "isPublic": true,
      "subtasks": [
        {
          "id": "6ffa9e28-6266-4db5-a409-8c918e298177",
          "taskTemplateId": "835041e7-1989-4583-9ca4-cd98e91b24e4",
          "name": "Dilate R Verteb Art, Bifurc, w 4+ Intralum Dev, Perc Endo"
        },
        {
          "id": "1760bdd8-978c-4dcd-9786-78af8c9078e6",
          "taskTemplateId": "835041e7-1989-4583-9ca4-cd98e91b24e4",
          "name": "Drainage of R Hip Bursa/Lig with Drain Dev, Open Approach"
        }
      ]
    },
    {
      "id": "aff58dea-8665-48c0-9ddc-e58727d4c8b4",
      "name": "Removal of Synth Sub from L Fibula, Perc Endo Approach",
      "isPublic": true,
      "subtasks": [
        {
          "id": "ffee7b8b-5663-458e-a5d2-8f9e27112ee8",
          "taskTemplateId": "aff58dea-8665-48c0-9ddc-e58727d4c8b4",
          "name": "Extraction of Left Pleura, Open Approach, Diagnostic"
        }
      ]
    }
  ]
}
Existing id, proper update
{}
see change
{
  "templates": [
    {
      "id": "f2e66a9f-f5ba-444f-a8ff-35081156c1f1",
      "name": "Supplement Right Fibula with Nonaut Sub, Perc Approach",
      "isPublic": true,
      "subtasks": [
        {
          "id": "7832046d-edbf-4a27-8b10-a4625350c2e0",
          "taskTemplateId": "f2e66a9f-f5ba-444f-a8ff-35081156c1f1",
          "name": "Restriction of Splenic Vein, Percutaneous Approach"
        }
      ]
    },
    {
      "id": "20efca74-2c89-4ffe-bcdb-01297f4cb247",
      "name": "Replace R Int Jugular Vein w Autol Sub, Perc Endo",
      "isPublic": true,
      "subtasks": [
        {
          "id": "713c5f45-b720-4685-9235-86fdbd34dd8d",
          "taskTemplateId": "20efca74-2c89-4ffe-bcdb-01297f4cb247",
          "name": "Insert of Infusion Dev into L Less Saphenous, Perc Approach"
        },
        {
          "id": "dc8635e1-5eb5-4dee-9b4e-7b93680a992e",
          "taskTemplateId": "20efca74-2c89-4ffe-bcdb-01297f4cb247",
          "name": "Introduction of Destructive Agent into GU Tract, Via Opening"
        },
        {
          "id": "1442b0ef-17e5-4b43-b40f-9c6a9777a157",
          "taskTemplateId": "20efca74-2c89-4ffe-bcdb-01297f4cb247",
          "name": "Bypass L Fem Art to L Femor A w Nonaut Sub, Perc Endo"
        }
      ]
    },
    {
      "id": "0e4b502e-fc08-4c24-a819-da6da17e6ce8",
      "name": "Introduction of Other Hormone into Periph Art, Perc Approach",
      "description": "Other operations on valves of heart",
      "isPublic": true,
      "subtasks": [
        {
          "id": "2e9cecf9-776d-48d6-bc1d-1935bd5f4e86",
          "taskTemplateId": "0e4b502e-fc08-4c24-a819-da6da17e6ce8"
        }
      ]
    },
    {
      "id": "835041e7-1989-4583-9ca4-cd98e91b24e4",
      "name": "Reposition Coccyx, External Approach",
      "description": "Other cervical biopsy",
      "isPublic": true,
      "subtasks": [
        {
          "id": "6ffa9e28-6266-4db5-a409-8c918e298177",
          "taskTemplateId": "835041e7-1989-4583-9ca4-cd98e91b24e4",
          "name": "Dilate R Verteb Art, Bifurc, w 4+ Intralum Dev, Perc Endo"
        },
        {
          "id": "1760bdd8-978c-4dcd-9786-78af8c9078e6",
          "taskTemplateId": "835041e7-1989-4583-9ca4-cd98e91b24e4",
          "name": "Drainage of R Hip Bursa/Lig with Drain Dev, Open Approach"
        }
      ]
    },
    {
      "id": "aff58dea-8665-48c0-9ddc-e58727d4c8b4",
      "name": "Removal of Synth Sub from L Fibula, Perc Endo Approach",
      "isPublic": true,
      "subtasks": [
        {
          "id": "ffee7b8b-5663-458e-a5d2-8f9e27112ee8",
          "taskTemplateId": "aff58dea-8665-48c0-9ddc-e58727d4c8b4",
          "name": "Some Updated Name"
        }
      ]
    }
  ]
}
undo update for consistency
{}
