Invalid id
ERROR:
  Code: Unknown
  Message: invalid UUID length: 23

id does not exist
ERROR:
  Code: Internal
  Message: ERROR: insert or update on table "task_template_subtasks" violates foreign key constraint "task_template_subtasks_task_template_id_fkey" (SQLSTATE 23503)

Create
delete it again
{}
there should be no change
{
  "templates": [
    {
      "id": "526ff1c0-f373-4d2b-bcd8-d355f8223cfd",
      "name": "Reattachment of Right Foot, Open Approach",
      "description": "Administration of diphtheria-tetanus-pertussis, combined",
      "isPublic": true,
      "subtasks": [
        {
          "id": "86617de9-4012-4ee3-9ecb-1fc0c9e7ab85",
          "taskTemplateId": "526ff1c0-f373-4d2b-bcd8-d355f8223cfd",
          "name": "Reposition R Metacarpocarp Jt w Ext Fix, Perc Endo"
        },
        {
          "id": "5a712e12-c2a0-472e-827a-0e754a396378",
          "taskTemplateId": "526ff1c0-f373-4d2b-bcd8-d355f8223cfd",
          "name": "Change Traction Apparatus on Right Lower Extremity"
        },
        {
          "id": "a77d20cb-1954-4e4f-baed-a5e28c0b620e",
          "taskTemplateId": "526ff1c0-f373-4d2b-bcd8-d355f8223cfd",
          "name": "Destruction of Left Trunk Tendon, Perc Endo Approach"
        },
        {
          "id": "972830e0-28f8-4e28-8187-e63e11514915",
          "taskTemplateId": "526ff1c0-f373-4d2b-bcd8-d355f8223cfd"
        },
        {
          "id": "c6e6bde8-ca25-4a8f-80b5-cc6697d8f523",
          "taskTemplateId": "526ff1c0-f373-4d2b-bcd8-d355f8223cfd",
          "name": "Removal of Radioactive Element from L Lung, Extern Approach"
        }
      ]
    },
    {
      "id": "58a8c60d-3be5-497a-9afa-a53b85ef10d8",
      "name": "Supplement Left Elbow Joint with Nonaut Sub, Open Approach",
      "isPublic": true,
      "subtasks": [
        {
          "id": "cc00d575-5c88-48ab-91b4-a147bae5c7bb",
          "taskTemplateId": "58a8c60d-3be5-497a-9afa-a53b85ef10d8",
          "name": "Endocrine System, Drainage"
        }
      ]
    },
    {
      "id": "47d91496-1351-48be-9f62-09cd819cf9fc",
      "name": "Removal of Nonaut Sub from Bladder, Perc Approach",
      "isPublic": true
    },
    {
      "id": "defe5b74-913d-49ce-8e43-f2c603e3a297",
      "name": "Dilate R Popl Art w 4+ Intralum Dev, Perc Endo",
      "description": "Microscopic examination of specimen from skin and other integument, culture and sensitivity",
      "isPublic": true
    },
    {
      "id": "40ee9af4-9037-4d56-bf1b-81c16b3ab871",
      "name": "Pharmacotherapy for Substance Abuse Treatment, Naloxone",
      "isPublic": true
    }
  ]
}
